Archive member included because of file (symbol)

C:\Users\gohjy\Desktop\NUS\YEAR2_SEM1\EE2024\LCP Codes\LCP Assignments\EE2024 Assignment 2\Lib_CMSISv1p30_LPC17xx\Debug\libCMSISv1p30_LPC17xx.a(system_LPC17xx.o)
                              ./src/main.o (SystemCoreClock)
C:\Users\gohjy\Desktop\NUS\YEAR2_SEM1\EE2024\LCP Codes\LCP Assignments\EE2024 Assignment 2\Lib_EaBaseBoard\Debug\libLib_EaBaseBoard.a(acc.o)
                              ./src/main.o (acc_init)
C:\Users\gohjy\Desktop\NUS\YEAR2_SEM1\EE2024\LCP Codes\LCP Assignments\EE2024 Assignment 2\Lib_EaBaseBoard\Debug\libLib_EaBaseBoard.a(joystick.o)
                              ./src/main.o (joystick_init)
C:\Users\gohjy\Desktop\NUS\YEAR2_SEM1\EE2024\LCP Codes\LCP Assignments\EE2024 Assignment 2\Lib_EaBaseBoard\Debug\libLib_EaBaseBoard.a(led7seg.o)
                              ./src/main.o (led7seg_init)
C:\Users\gohjy\Desktop\NUS\YEAR2_SEM1\EE2024\LCP Codes\LCP Assignments\EE2024 Assignment 2\Lib_EaBaseBoard\Debug\libLib_EaBaseBoard.a(light.o)
                              ./src/main.o (light_init)
C:\Users\gohjy\Desktop\NUS\YEAR2_SEM1\EE2024\LCP Codes\LCP Assignments\EE2024 Assignment 2\Lib_EaBaseBoard\Debug\libLib_EaBaseBoard.a(oled.o)
                              ./src/main.o (oled_putPixel)
C:\Users\gohjy\Desktop\NUS\YEAR2_SEM1\EE2024\LCP Codes\LCP Assignments\EE2024 Assignment 2\Lib_EaBaseBoard\Debug\libLib_EaBaseBoard.a(pca9532.o)
                              ./src/main.o (pca9532_init)
C:\Users\gohjy\Desktop\NUS\YEAR2_SEM1\EE2024\LCP Codes\LCP Assignments\EE2024 Assignment 2\Lib_EaBaseBoard\Debug\libLib_EaBaseBoard.a(rgb.o)
                              ./src/main.o (rgb_init)
C:\Users\gohjy\Desktop\NUS\YEAR2_SEM1\EE2024\LCP Codes\LCP Assignments\EE2024 Assignment 2\Lib_EaBaseBoard\Debug\libLib_EaBaseBoard.a(temp.o)
                              ./src/main.o (temp_init)
C:\Users\gohjy\Desktop\NUS\YEAR2_SEM1\EE2024\LCP Codes\LCP Assignments\EE2024 Assignment 2\Lib_EaBaseBoard\Debug\libLib_EaBaseBoard.a(font5x7.o)
                              C:\Users\gohjy\Desktop\NUS\YEAR2_SEM1\EE2024\LCP Codes\LCP Assignments\EE2024 Assignment 2\Lib_EaBaseBoard\Debug\libLib_EaBaseBoard.a(oled.o) (font5x7)
C:\Users\gohjy\Desktop\NUS\YEAR2_SEM1\EE2024\LCP Codes\LCP Assignments\EE2024 Assignment 2\Lib_MCU\Debug\libLib_MCU.a(lpc17xx_gpio.o)
                              ./src/main.o (GPIO_SetDir)
C:\Users\gohjy\Desktop\NUS\YEAR2_SEM1\EE2024\LCP Codes\LCP Assignments\EE2024 Assignment 2\Lib_MCU\Debug\libLib_MCU.a(lpc17xx_i2c.o)
                              ./src/main.o (I2C_Init)
C:\Users\gohjy\Desktop\NUS\YEAR2_SEM1\EE2024\LCP Codes\LCP Assignments\EE2024 Assignment 2\Lib_MCU\Debug\libLib_MCU.a(lpc17xx_pinsel.o)
                              ./src/main.o (PINSEL_ConfigPin)
C:\Users\gohjy\Desktop\NUS\YEAR2_SEM1\EE2024\LCP Codes\LCP Assignments\EE2024 Assignment 2\Lib_MCU\Debug\libLib_MCU.a(lpc17xx_ssp.o)
                              ./src/main.o (SSP_Init)
C:\Users\gohjy\Desktop\NUS\YEAR2_SEM1\EE2024\LCP Codes\LCP Assignments\EE2024 Assignment 2\Lib_MCU\Debug\libLib_MCU.a(lpc17xx_timer.o)
                              C:\Users\gohjy\Desktop\NUS\YEAR2_SEM1\EE2024\LCP Codes\LCP Assignments\EE2024 Assignment 2\Lib_EaBaseBoard\Debug\libLib_EaBaseBoard.a(rgb.o) (Timer0_Wait)
C:\Users\gohjy\Desktop\NUS\YEAR2_SEM1\EE2024\LCP Codes\LCP Assignments\EE2024 Assignment 2\Lib_MCU\Debug\libLib_MCU.a(lpc17xx_uart.o)
                              ./src/main.o (UART_TxCmd)
C:\Users\gohjy\Desktop\NUS\YEAR2_SEM1\EE2024\LCP Codes\LCP Assignments\EE2024 Assignment 2\Lib_MCU\Debug\libLib_MCU.a(lpc17xx_clkpwr.o)
                              C:\Users\gohjy\Desktop\NUS\YEAR2_SEM1\EE2024\LCP Codes\LCP Assignments\EE2024 Assignment 2\Lib_MCU\Debug\libLib_MCU.a(lpc17xx_i2c.o) (CLKPWR_SetPCLKDiv)
c:/nxp/lpcxpresso_6.1.4_194/lpcxpresso/tools/bin/../lib/gcc/arm-none-eabi/4.6.2/armv7-m\libgcc.a(_arm_addsubdf3.o)
                              ./src/main.o (__aeabi_i2d)
c:/nxp/lpcxpresso_6.1.4_194/lpcxpresso/tools/bin/../lib/gcc/arm-none-eabi/4.6.2/armv7-m\libgcc.a(_arm_muldivdf3.o)
                              ./src/main.o (__aeabi_ddiv)
c:/nxp/lpcxpresso_6.1.4_194/lpcxpresso/tools/bin/../lib/gcc/arm-none-eabi/4.6.2/armv7-m\libgcc.a(_arm_cmpdf2.o)
                              ./src/main.o (__aeabi_dcmple)
c:/nxp/lpcxpresso_6.1.4_194/lpcxpresso/tools/bin/../lib/gcc/arm-none-eabi/4.6.2/armv7-m\libgcc.a(_aeabi_uldivmod.o)
                              C:\Users\gohjy\Desktop\NUS\YEAR2_SEM1\EE2024\LCP Codes\LCP Assignments\EE2024 Assignment 2\Lib_CMSISv1p30_LPC17xx\Debug\libCMSISv1p30_LPC17xx.a(system_LPC17xx.o) (__aeabi_uldivmod)
c:/nxp/lpcxpresso_6.1.4_194/lpcxpresso/tools/bin/../lib/gcc/arm-none-eabi/4.6.2/armv7-m\libgcc.a(bpabi.o)
                              c:/nxp/lpcxpresso_6.1.4_194/lpcxpresso/tools/bin/../lib/gcc/arm-none-eabi/4.6.2/armv7-m\libgcc.a(_aeabi_uldivmod.o) (__gnu_uldivmod_helper)
[...]
Memory Configuration

Name             Origin             Length             Attributes
MFlash512        0x00000000         0x00080000         xr
RamLoc32         0x10000000         0x00008000         xrw
RamAHB32         0x2007c000         0x00008000         xrw
*default*        0x00000000         0xffffffff

Linker script and memory map

LOAD ./src/cr_startup_lpc17.o
LOAD ./src/main.o
LOAD C:\Users\gohjy\Desktop\NUS\YEAR2_SEM1\EE2024\LCP Codes\LCP Assignments\EE2024 Assignment 2\Lib_CMSISv1p30_LPC17xx\Debug\libCMSISv1p30_LPC17xx.a
LOAD C:\Users\gohjy\Desktop\NUS\YEAR2_SEM1\EE2024\LCP Codes\LCP Assignments\EE2024 Assignment 2\Lib_EaBaseBoard\Debug\libLib_EaBaseBoard.a
LOAD C:\Users\gohjy\Desktop\NUS\YEAR2_SEM1\EE2024\LCP Codes\LCP Assignments\EE2024 Assignment 2\Lib_MCU\Debug\libLib_MCU.a
START GROUP
LOAD c:/nxp/lpcxpresso_6.1.4_194/lpcxpresso/tools/bin/../lib/gcc/arm-none-eabi/4.6.2/armv7-m\libgcc.a
LOAD c:/nxp/lpcxpresso_6.1.4_194/lpcxpresso/tools/bin/../lib/gcc/arm-none-eabi/4.6.2/../../../../arm-none-eabi/lib/armv7-m\libc.a
LOAD c:/nxp/lpcxpresso_6.1.4_194/lpcxpresso/tools/bin/../lib/gcc/arm-none-eabi/4.6.2/../../../../arm-none-eabi/lib/armv7-m\libm.a
LOAD c:/nxp/lpcxpresso_6.1.4_194/lpcxpresso/tools/bin/../lib/gcc/arm-none-eabi/4.6.2/../../../../arm-none-eabi/lib/armv7-m\libcr_newlib_semihost.a
END GROUP
                0x00080000                __top_MFlash512 = 0x80000
                0x10008000                __top_RamLoc32 = 0x10008000
                0x20084000                __top_RamAHB32 = 0x20084000

.text           0x00000000     0xace4
 FILL mask 0xff
                0x00000000                __vectors_start__ = ABSOLUTE (.)
 *(.isr_vector)
 .isr_vector    0x00000000       0xcc ./src/cr_startup_lpc17.o
                0x00000000                g_pfnVectors
                0x000000cc                . = ALIGN (0x4)
                0x000000cc                __section_table_start = .
                0x000000cc                __data_section_table = .
                0x000000cc        0x4 LONG 0xacec LOADADDR (.data)
                0x000000d0        0x4 LONG 0x10000000 ADDR (.data)
                0x000000d4        0x4 LONG 0x8f4 SIZEOF (.data)
                0x000000d8        0x4 LONG 0xacec LOADADDR (.data_RAM2)
                0x000000dc        0x4 LONG 0x2007c000 ADDR (.data_RAM2)
                0x000000e0        0x4 LONG 0x0 SIZEOF (.data_RAM2)
                0x000000e4                __data_section_table_end = .
                0x000000e4                __bss_section_table = .
                0x000000e4        0x4 LONG 0x100008f4 ADDR (.bss)
                0x000000e8        0x4 LONG 0x684 SIZEOF (.bss)
                0x000000ec        0x4 LONG 0x2007c000 ADDR (.bss_RAM2)
                0x000000f0        0x4 LONG 0x0 SIZEOF (.bss_RAM2)
                0x000000f4                __bss_section_table_end = .
                0x000000f4                __section_table_end = .
 *(.after_vectors*)
 *(.text*)
 .text.ResetISR
                0x000000f4       0x68 ./src/cr_startup_lpc17.o
                0x000000f4                ResetISR
 .text.NMI_Handler
                0x0000015c        0x8 ./src/cr_startup_lpc17.o
                0x0000015c                NMI_Handler
 .text.HardFault_Handler
                0x00000164        0x8 ./src/cr_startup_lpc17.o
                0x00000164                HardFault_Handler
 .text.MemManage_Handler
                0x0000016c        0x8 ./src/cr_startup_lpc17.o
                0x0000016c                MemManage_Handler
 .text.BusFault_Handler
                0x00000174        0x8 ./src/cr_startup_lpc17.o
                0x00000174                BusFault_Handler
 .text.UsageFault_Handler
                0x0000017c        0x8 ./src/cr_startup_lpc17.o
                0x0000017c                UsageFault_Handler
 .text.SVCall_Handler
                0x00000184        0x8 ./src/cr_startup_lpc17.o
                0x00000184                SVCall_Handler
 .text.DebugMon_Handler
                0x0000018c        0x8 ./src/cr_startup_lpc17.o
                0x0000018c                DebugMon_Handler
 .text.PendSV_Handler
                0x00000194        0x8 ./src/cr_startup_lpc17.o
                0x00000194                PendSV_Handler
 .text.IntDefaultHandler
                0x0000019c        0x8 ./src/cr_startup_lpc17.o
                0x0000019c                TIMER2_IRQHandler
                0x0000019c                RIT_IRQHandler
                0x0000019c                I2C0_IRQHandler
                0x0000019c                USBActivity_IRQHandler
                0x0000019c                PWM1_IRQHandler
                0x0000019c                I2C1_IRQHandler
                0x0000019c                EINT2_IRQHandler
                0x0000019c                UART1_IRQHandler
                0x0000019c                CANActivity_IRQHandler
                0x0000019c                TIMER3_IRQHandler
                0x0000019c                UART0_IRQHandler
                0x0000019c                IntDefaultHandler
                0x0000019c                PLL0_IRQHandler
                0x0000019c                CAN_IRQHandler
                0x0000019c                PLL1_IRQHandler
                0x0000019c                SSP0_IRQHandler
                0x0000019c                I2S_IRQHandler
                0x0000019c                I2C2_IRQHandler
                0x0000019c                RTC_IRQHandler
                0x0000019c                TIMER0_IRQHandler
                0x0000019c                SPI_IRQHandler
                0x0000019c                TIMER1_IRQHandler
                0x0000019c                UART2_IRQHandler
                0x0000019c                ADC_IRQHandler
                0x0000019c                SSP1_IRQHandler
                0x0000019c                USB_IRQHandler
                0x0000019c                BOD_IRQHandler
                0x0000019c                WDT_IRQHandler
                0x0000019c                QEI_IRQHandler
                0x0000019c                DMA_IRQHandler
                0x0000019c                MCPWM_IRQHandler
                0x0000019c                ENET_IRQHandler
 .text.NVIC_EnableIRQ
                0x000001a4       0x38 ./src/main.o
 .text.NVIC_ClearPendingIRQ
                0x000001dc       0x3c ./src/main.o
 .text.NVIC_SetPriority
                0x00000218       0x5c ./src/main.o
 .text.NVIC_EncodePriority
                0x00000274       0x78 ./src/main.o
 .text.SysTick_Config
                0x000002ec       0x64 ./src/main.o
 .text.getTicks
                0x00000350       0x18 ./src/main.o
                0x00000350                getTicks
 .text.ledlight
                0x00000368       0xb8 ./src/main.o
                0x00000368                ledlight
 .text.drawOled
                0x00000420      0x1a4 ./src/main.o
 .text.init_ssp
                0x000005c4       0x98 ./src/main.o
 .text.init_i2c
                0x0000065c       0x5c ./src/main.o
 .text.init_GPIO
                0x000006b8      0x19c ./src/main.o
 .text.UART_Received
                0x00000854       0x90 ./src/main.o
                0x00000854                UART_Received
 .text.UART_init
                0x000008e4       0xe0 ./src/main.o
                0x000008e4                UART_init
 .text.all_config
                0x000009c4       0xdc ./src/main.o
                0x000009c4                all_config
 .text.all_read
                0x00000aa0       0x28 ./src/main.o
                0x00000aa0                all_read
 .text.getPrescalarForUs
                0x00000ac8       0xbc ./src/main.o
                0x00000ac8                getPrescalarForUs
 .text.EINT01_init
                0x00000b84       0x48 ./src/main.o
                0x00000b84                EINT01_init
 .text.timer_init
                0x00000bcc       0xe4 ./src/main.o
                0x00000bcc                timer_init
 .text.NVIC_init
                0x00000cb0      0x10c ./src/main.o
                0x00000cb0                NVIC_init
 .text.all_init
                0x00000dbc       0x64 ./src/main.o
                0x00000dbc                all_init
 .text.tempBLINK
                0x00000e20      0x1cc ./src/main.o
                0x00000e20                tempBLINK
 .text.Inc_7    0x00000fec       0xe4 ./src/main.o
                0x00000fec                Inc_7
 .text.toggleMode_1sec
                0x000010d0      0x1f0 ./src/main.o
                0x000010d0                toggleMode_1sec
 .text.forwardTelemetry
                0x000012c0      0x104 ./src/main.o
                0x000012c0                forwardTelemetry
 .text.Mode_Stationary
                0x000013c4       0x4c ./src/main.o
                0x000013c4                Mode_Stationary
 .text.Mode_Forward
                0x00001410      0x3d8 ./src/main.o
                0x00001410                Mode_Forward
 .text.Mode_Backward
                0x000017e8       0x8c ./src/main.o
                0x000017e8                Mode_Backward
 .text.FLAGhandler
                0x00001874      0x150 ./src/main.o
                0x00001874                FLAGhandler
 .text.main     0x000019c4       0x68 ./src/main.o
                0x000019c4                main
 .text.check_failed
                0x00001a2c        0xc ./src/main.o
                0x00001a2c                check_failed
 .text.SysTick_Handler
                0x00001a38       0x24 ./src/main.o
                0x00001a38                SysTick_Handler
 .text.EINT0_IRQHandler
                0x00001a5c       0x1c ./src/main.o
                0x00001a5c                EINT0_IRQHandler
 .text.EINT1_IRQHandler
                0x00001a78       0x1c ./src/main.o
                0x00001a78                EINT1_IRQHandler
 .text.EINT3_IRQHandler
                0x00001a94      0x240 ./src/main.o
                0x00001a94                EINT3_IRQHandler
 .text.UART3_IRQHandler
                0x00001cd4        0xc ./src/main.o
                0x00001cd4                UART3_IRQHandler
 .text.SystemInit
                0x00001ce0      0x22c C:\Users\gohjy\Desktop\NUS\YEAR2_SEM1\EE2024\LCP Codes\LCP Assignments\EE2024 Assignment 2\Lib_CMSISv1p30_LPC17xx\Debug\libCMSISv1p30_LPC17xx.a(system_LPC17xx.o)
                0x00001ce0                SystemInit
 .text.I2CRead  0x00001f0c       0x5c C:\Users\gohjy\Desktop\NUS\YEAR2_SEM1\EE2024\LCP Codes\LCP Assignments\EE2024 Assignment 2\Lib_EaBaseBoard\Debug\libLib_EaBaseBoard.a(acc.o)
 .text.I2CWrite
                0x00001f68       0x5c C:\Users\gohjy\Desktop\NUS\YEAR2_SEM1\EE2024\LCP Codes\LCP Assignments\EE2024 Assignment 2\Lib_EaBaseBoard\Debug\libLib_EaBaseBoard.a(acc.o)
 .text.getStatus
                0x00001fc4       0x3c C:\Users\gohjy\Desktop\NUS\YEAR2_SEM1\EE2024\LCP Codes\LCP Assignments\EE2024 Assignment 2\Lib_EaBaseBoard\Debug\libLib_EaBaseBoard.a(acc.o)
 .text.setModeControl
                0x00002000       0x30 C:\Users\gohjy\Desktop\NUS\YEAR2_SEM1\EE2024\LCP Codes\LCP Assignments\EE2024 Assignment 2\Lib_EaBaseBoard\Debug\libLib_EaBaseBoard.a(acc.o)
 .text.acc_init
                0x00002030       0x10 C:\Users\gohjy\Desktop\NUS\YEAR2_SEM1\EE2024\LCP Codes\LCP Assignments\EE2024 Assignment 2\Lib_EaBaseBoard\Debug\libLib_EaBaseBoard.a(acc.o)
                0x00002030                acc_init
 .text.acc_read
                0x00002040       0xbc C:\Users\gohjy\Desktop\NUS\YEAR2_SEM1\EE2024\LCP Codes\LCP Assignments\EE2024 Assignment 2\Lib_EaBaseBoard\Debug\libLib_EaBaseBoard.a(acc.o)
                0x00002040                acc_read
 .text.joystick_init
                0x000020fc       0x28 C:\Users\gohjy\Desktop\NUS\YEAR2_SEM1\EE2024\LCP Codes\LCP Assignments\EE2024 Assignment 2\Lib_EaBaseBoard\Debug\libLib_EaBaseBoard.a(joystick.o)
                0x000020fc                joystick_init
 .text.joystick_read
                0x00002124       0x98 C:\Users\gohjy\Desktop\NUS\YEAR2_SEM1\EE2024\LCP Codes\LCP Assignments\EE2024 Assignment 2\Lib_EaBaseBoard\Debug\libLib_EaBaseBoard.a(joystick.o)
                0x00002124                joystick_read
 .text.led7seg_init
                0x000021bc       0x24 C:\Users\gohjy\Desktop\NUS\YEAR2_SEM1\EE2024\LCP Codes\LCP Assignments\EE2024 Assignment 2\Lib_EaBaseBoard\Debug\libLib_EaBaseBoard.a(led7seg.o)
                0x000021bc                led7seg_init
 .text.led7seg_setChar
                0x000021e0       0x88 C:\Users\gohjy\Desktop\NUS\YEAR2_SEM1\EE2024\LCP Codes\LCP Assignments\EE2024 Assignment 2\Lib_EaBaseBoard\Debug\libLib_EaBaseBoard.a(led7seg.o)
                0x000021e0                led7seg_setChar
 .text.I2CRead  0x00002268       0x5c C:\Users\gohjy\Desktop\NUS\YEAR2_SEM1\EE2024\LCP Codes\LCP Assignments\EE2024 Assignment 2\Lib_EaBaseBoard\Debug\libLib_EaBaseBoard.a(light.o)
 .text.I2CWrite
                0x000022c4       0x5c C:\Users\gohjy\Desktop\NUS\YEAR2_SEM1\EE2024\LCP Codes\LCP Assignments\EE2024 Assignment 2\Lib_EaBaseBoard\Debug\libLib_EaBaseBoard.a(light.o)
 .text.readControlReg
                0x00002320       0x3c C:\Users\gohjy\Desktop\NUS\YEAR2_SEM1\EE2024\LCP Codes\LCP Assignments\EE2024 Assignment 2\Lib_EaBaseBoard\Debug\libLib_EaBaseBoard.a(light.o)
 .text.light_init
                0x0000235c        0xc C:\Users\gohjy\Desktop\NUS\YEAR2_SEM1\EE2024\LCP Codes\LCP Assignments\EE2024 Assignment 2\Lib_EaBaseBoard\Debug\libLib_EaBaseBoard.a(light.o)
                0x0000235c                light_init
 .text.light_enable
                0x00002368       0x48 C:\Users\gohjy\Desktop\NUS\YEAR2_SEM1\EE2024\LCP Codes\LCP Assignments\EE2024 Assignment 2\Lib_EaBaseBoard\Debug\libLib_EaBaseBoard.a(light.o)
                0x00002368                light_enable
 .text.light_read
                0x000023b0       0x90 C:\Users\gohjy\Desktop\NUS\YEAR2_SEM1\EE2024\LCP Codes\LCP Assignments\EE2024 Assignment 2\Lib_EaBaseBoard\Debug\libLib_EaBaseBoard.a(light.o)
                0x000023b0                light_read
 .text.light_setRange
                0x00002440       0xac C:\Users\gohjy\Desktop\NUS\YEAR2_SEM1\EE2024\LCP Codes\LCP Assignments\EE2024 Assignment 2\Lib_EaBaseBoard\Debug\libLib_EaBaseBoard.a(light.o)
                0x00002440                light_setRange
 .text.light_setHiThreshold
                0x000024ec       0x58 C:\Users\gohjy\Desktop\NUS\YEAR2_SEM1\EE2024\LCP Codes\LCP Assignments\EE2024 Assignment 2\Lib_EaBaseBoard\Debug\libLib_EaBaseBoard.a(light.o)
                0x000024ec                light_setHiThreshold
 .text.light_setLoThreshold
                0x00002544       0x58 C:\Users\gohjy\Desktop\NUS\YEAR2_SEM1\EE2024\LCP Codes\LCP Assignments\EE2024 Assignment 2\Lib_EaBaseBoard\Debug\libLib_EaBaseBoard.a(light.o)
                0x00002544                light_setLoThreshold
 .text.light_setIrqInCycles
                0x0000259c       0x48 C:\Users\gohjy\Desktop\NUS\YEAR2_SEM1\EE2024\LCP Codes\LCP Assignments\EE2024 Assignment 2\Lib_EaBaseBoard\Debug\libLib_EaBaseBoard.a(light.o)
                0x0000259c                light_setIrqInCycles
 .text.light_clearIrqStatus
                0x000025e4       0x3c C:\Users\gohjy\Desktop\NUS\YEAR2_SEM1\EE2024\LCP Codes\LCP Assignments\EE2024 Assignment 2\Lib_EaBaseBoard\Debug\libLib_EaBaseBoard.a(light.o)
                0x000025e4                light_clearIrqStatus
 .text.writeCommand
                0x00002620       0x60 C:\Users\gohjy\Desktop\NUS\YEAR2_SEM1\EE2024\LCP Codes\LCP Assignments\EE2024 Assignment 2\Lib_EaBaseBoard\Debug\libLib_EaBaseBoard.a(oled.o)
 .text.writeData
                0x00002680       0x60 C:\Users\gohjy\Desktop\NUS\YEAR2_SEM1\EE2024\LCP Codes\LCP Assignments\EE2024 Assignment 2\Lib_EaBaseBoard\Debug\libLib_EaBaseBoard.a(oled.o)
 .text.writeDataLen
                0x000026e0       0x8c C:\Users\gohjy\Desktop\NUS\YEAR2_SEM1\EE2024\LCP Codes\LCP Assignments\EE2024 Assignment 2\Lib_EaBaseBoard\Debug\libLib_EaBaseBoard.a(oled.o)
 .text.runInitSequence
                0x0000276c      0x118 C:\Users\gohjy\Desktop\NUS\YEAR2_SEM1\EE2024\LCP Codes\LCP Assignments\EE2024 Assignment 2\Lib_EaBaseBoard\Debug\libLib_EaBaseBoard.a(oled.o)
 .text.oled_init
                0x00002884       0x9c C:\Users\gohjy\Desktop\NUS\YEAR2_SEM1\EE2024\LCP Codes\LCP Assignments\EE2024 Assignment 2\Lib_EaBaseBoard\Debug\libLib_EaBaseBoard.a(oled.o)
                0x00002884                oled_init
 .text.oled_putPixel
                0x00002920      0x188 C:\Users\gohjy\Desktop\NUS\YEAR2_SEM1\EE2024\LCP Codes\LCP Assignments\EE2024 Assignment 2\Lib_EaBaseBoard\Debug\libLib_EaBaseBoard.a(oled.o)
                0x00002920                oled_putPixel
 .text.oled_clearScreen
                0x00002aa8       0x74 C:\Users\gohjy\Desktop\NUS\YEAR2_SEM1\EE2024\LCP Codes\LCP Assignments\EE2024 Assignment 2\Lib_EaBaseBoard\Debug\libLib_EaBaseBoard.a(oled.o)
                0x00002aa8                oled_clearScreen
 .text.oled_putChar
                0x00002b1c       0xf0 C:\Users\gohjy\Desktop\NUS\YEAR2_SEM1\EE2024\LCP Codes\LCP Assignments\EE2024 Assignment 2\Lib_EaBaseBoard\Debug\libLib_EaBaseBoard.a(oled.o)
                0x00002b1c                oled_putChar
 .text.oled_putString
                0x00002c0c       0x54 C:\Users\gohjy\Desktop\NUS\YEAR2_SEM1\EE2024\LCP Codes\LCP Assignments\EE2024 Assignment 2\Lib_EaBaseBoard\Debug\libLib_EaBaseBoard.a(oled.o)
                0x00002c0c                oled_putString
 .text.I2CWrite
                0x00002c60       0x5c C:\Users\gohjy\Desktop\NUS\YEAR2_SEM1\EE2024\LCP Codes\LCP Assignments\EE2024 Assignment 2\Lib_EaBaseBoard\Debug\libLib_EaBaseBoard.a(pca9532.o)
 .text.setLsStates
                0x00002cbc       0xc4 C:\Users\gohjy\Desktop\NUS\YEAR2_SEM1\EE2024\LCP Codes\LCP Assignments\EE2024 Assignment 2\Lib_EaBaseBoard\Debug\libLib_EaBaseBoard.a(pca9532.o)
 .text.setLeds  0x00002d80       0xa0 C:\Users\gohjy\Desktop\NUS\YEAR2_SEM1\EE2024\LCP Codes\LCP Assignments\EE2024 Assignment 2\Lib_EaBaseBoard\Debug\libLib_EaBaseBoard.a(pca9532.o)
 .text.pca9532_init
                0x00002e20        0xc C:\Users\gohjy\Desktop\NUS\YEAR2_SEM1\EE2024\LCP Codes\LCP Assignments\EE2024 Assignment 2\Lib_EaBaseBoard\Debug\libLib_EaBaseBoard.a(pca9532.o)
                0x00002e20                pca9532_init
 .text.pca9532_setLeds
                0x00002e2c       0xa0 C:\Users\gohjy\Desktop\NUS\YEAR2_SEM1\EE2024\LCP Codes\LCP Assignments\EE2024 Assignment 2\Lib_EaBaseBoard\Debug\libLib_EaBaseBoard.a(pca9532.o)
                0x00002e2c                pca9532_setLeds
 .text.rgb_init
                0x00002ecc       0x38 C:\Users\gohjy\Desktop\NUS\YEAR2_SEM1\EE2024\LCP Codes\LCP Assignments\EE2024 Assignment 2\Lib_EaBaseBoard\Debug\libLib_EaBaseBoard.a(rgb.o)
                0x00002ecc                rgb_init
 .text.temp_init
                0x00002f04       0x2c C:\Users\gohjy\Desktop\NUS\YEAR2_SEM1\EE2024\LCP Codes\LCP Assignments\EE2024 Assignment 2\Lib_EaBaseBoard\Debug\libLib_EaBaseBoard.a(temp.o)
                0x00002f04                temp_init
 .text.temp_read
                0x00002f30      0x10c C:\Users\gohjy\Desktop\NUS\YEAR2_SEM1\EE2024\LCP Codes\LCP Assignments\EE2024 Assignment 2\Lib_EaBaseBoard\Debug\libLib_EaBaseBoard.a(temp.o)
                0x00002f30                temp_read
 .text.GPIO_GetPointer
                0x0000303c       0x7c C:\Users\gohjy\Desktop\NUS\YEAR2_SEM1\EE2024\LCP Codes\LCP Assignments\EE2024 Assignment 2\Lib_MCU\Debug\libLib_MCU.a(lpc17xx_gpio.o)
 .text.GPIO_SetDir
                0x000030b8       0x54 C:\Users\gohjy\Desktop\NUS\YEAR2_SEM1\EE2024\LCP Codes\LCP Assignments\EE2024 Assignment 2\Lib_MCU\Debug\libLib_MCU.a(lpc17xx_gpio.o)
                0x000030b8                GPIO_SetDir
 .text.GPIO_SetValue
                0x0000310c       0x2c C:\Users\gohjy\Desktop\NUS\YEAR2_SEM1\EE2024\LCP Codes\LCP Assignments\EE2024 Assignment 2\Lib_MCU\Debug\libLib_MCU.a(lpc17xx_gpio.o)
                0x0000310c                GPIO_SetValue
 .text.GPIO_ClearValue
                0x00003138       0x2c C:\Users\gohjy\Desktop\NUS\YEAR2_SEM1\EE2024\LCP Codes\LCP Assignments\EE2024 Assignment 2\Lib_MCU\Debug\libLib_MCU.a(lpc17xx_gpio.o)
                0x00003138                GPIO_ClearValue
 .text.GPIO_ReadValue
                0x00003164       0x30 C:\Users\gohjy\Desktop\NUS\YEAR2_SEM1\EE2024\LCP Codes\LCP Assignments\EE2024 Assignment 2\Lib_MCU\Debug\libLib_MCU.a(lpc17xx_gpio.o)
                0x00003164                GPIO_ReadValue
 .text.NVIC_EnableIRQ
                0x00003194       0x38 C:\Users\gohjy\Desktop\NUS\YEAR2_SEM1\EE2024\LCP Codes\LCP Assignments\EE2024 Assignment 2\Lib_MCU\Debug\libLib_MCU.a(lpc17xx_i2c.o)
 .text.NVIC_DisableIRQ
                0x000031cc       0x3c C:\Users\gohjy\Desktop\NUS\YEAR2_SEM1\EE2024\LCP Codes\LCP Assignments\EE2024 Assignment 2\Lib_MCU\Debug\libLib_MCU.a(lpc17xx_i2c.o)
 .text.I2C_getNum
                0x00003208       0x54 C:\Users\gohjy\Desktop\NUS\YEAR2_SEM1\EE2024\LCP Codes\LCP Assignments\EE2024 Assignment 2\Lib_MCU\Debug\libLib_MCU.a(lpc17xx_i2c.o)
 .text.I2C_Start
                0x0000325c       0x44 C:\Users\gohjy\Desktop\NUS\YEAR2_SEM1\EE2024\LCP Codes\LCP Assignments\EE2024 Assignment 2\Lib_MCU\Debug\libLib_MCU.a(lpc17xx_i2c.o)
 .text.I2C_Stop
                0x000032a0       0x38 C:\Users\gohjy\Desktop\NUS\YEAR2_SEM1\EE2024\LCP Codes\LCP Assignments\EE2024 Assignment 2\Lib_MCU\Debug\libLib_MCU.a(lpc17xx_i2c.o)
 .text.I2C_SendByte
                0x000032d8       0x50 C:\Users\gohjy\Desktop\NUS\YEAR2_SEM1\EE2024\LCP Codes\LCP Assignments\EE2024 Assignment 2\Lib_MCU\Debug\libLib_MCU.a(lpc17xx_i2c.o)
 .text.I2C_GetByte
                0x00003328       0x5c C:\Users\gohjy\Desktop\NUS\YEAR2_SEM1\EE2024\LCP Codes\LCP Assignments\EE2024 Assignment 2\Lib_MCU\Debug\libLib_MCU.a(lpc17xx_i2c.o)
 .text.I2C_IntCmd
                0x00003384       0xa8 C:\Users\gohjy\Desktop\NUS\YEAR2_SEM1\EE2024\LCP Codes\LCP Assignments\EE2024 Assignment 2\Lib_MCU\Debug\libLib_MCU.a(lpc17xx_i2c.o)
                0x00003384                I2C_IntCmd
 .text.I2C_MasterHandler
                0x0000342c      0x408 C:\Users\gohjy\Desktop\NUS\YEAR2_SEM1\EE2024\LCP Codes\LCP Assignments\EE2024 Assignment 2\Lib_MCU\Debug\libLib_MCU.a(lpc17xx_i2c.o)
                0x0000342c                I2C_MasterHandler
 .text.I2C_SetClock
                0x00003834       0xc8 C:\Users\gohjy\Desktop\NUS\YEAR2_SEM1\EE2024\LCP Codes\LCP Assignments\EE2024 Assignment 2\Lib_MCU\Debug\libLib_MCU.a(lpc17xx_i2c.o)
                0x00003834                I2C_SetClock
 .text.I2C_Init
                0x000038fc       0xd8 C:\Users\gohjy\Desktop\NUS\YEAR2_SEM1\EE2024\LCP Codes\LCP Assignments\EE2024 Assignment 2\Lib_MCU\Debug\libLib_MCU.a(lpc17xx_i2c.o)
                0x000038fc                I2C_Init
 .text.I2C_Cmd  0x000039d4       0x84 C:\Users\gohjy\Desktop\NUS\YEAR2_SEM1\EE2024\LCP Codes\LCP Assignments\EE2024 Assignment 2\Lib_MCU\Debug\libLib_MCU.a(lpc17xx_i2c.o)
                0x000039d4                I2C_Cmd
 .text.I2C_MasterTransferData
                0x00003a58      0x390 C:\Users\gohjy\Desktop\NUS\YEAR2_SEM1\EE2024\LCP Codes\LCP Assignments\EE2024 Assignment 2\Lib_MCU\Debug\libLib_MCU.a(lpc17xx_i2c.o)
                0x00003a58                I2C_MasterTransferData
 .text.PINSEL_SetPinFunc
                0x00003de8       0x9c C:\Users\gohjy\Desktop\NUS\YEAR2_SEM1\EE2024\LCP Codes\LCP Assignments\EE2024 Assignment 2\Lib_MCU\Debug\libLib_MCU.a(lpc17xx_pinsel.o)
                0x00003de8                PINSEL_SetPinFunc
 .text.PINSEL_SetResistorMode
                0x00003e84       0x9c C:\Users\gohjy\Desktop\NUS\YEAR2_SEM1\EE2024\LCP Codes\LCP Assignments\EE2024 Assignment 2\Lib_MCU\Debug\libLib_MCU.a(lpc17xx_pinsel.o)
                0x00003e84                PINSEL_SetResistorMode
 .text.PINSEL_SetOpenDrainMode
                0x00003f20       0x7c C:\Users\gohjy\Desktop\NUS\YEAR2_SEM1\EE2024\LCP Codes\LCP Assignments\EE2024 Assignment 2\Lib_MCU\Debug\libLib_MCU.a(lpc17xx_pinsel.o)
                0x00003f20                PINSEL_SetOpenDrainMode
 .text.PINSEL_ConfigPin
                0x00003f9c       0x54 C:\Users\gohjy\Desktop\NUS\YEAR2_SEM1\EE2024\LCP Codes\LCP Assignments\EE2024 Assignment 2\Lib_MCU\Debug\libLib_MCU.a(lpc17xx_pinsel.o)
                0x00003f9c                PINSEL_ConfigPin
 .text.SSP_getNum
                0x00003ff0       0x40 C:\Users\gohjy\Desktop\NUS\YEAR2_SEM1\EE2024\LCP Codes\LCP Assignments\EE2024 Assignment 2\Lib_MCU\Debug\libLib_MCU.a(lpc17xx_ssp.o)
 .text.SSP_IntHandler
                0x00004030      0x338 C:\Users\gohjy\Desktop\NUS\YEAR2_SEM1\EE2024\LCP Codes\LCP Assignments\EE2024 Assignment 2\Lib_MCU\Debug\libLib_MCU.a(lpc17xx_ssp.o)
                0x00004030                SSP_IntHandler
 .text.SSP_SetClock
                0x00004368       0xf8 C:\Users\gohjy\Desktop\NUS\YEAR2_SEM1\EE2024\LCP Codes\LCP Assignments\EE2024 Assignment 2\Lib_MCU\Debug\libLib_MCU.a(lpc17xx_ssp.o)
                0x00004368                SSP_SetClock
 .text.SSP_Init
                0x00004460      0x10c C:\Users\gohjy\Desktop\NUS\YEAR2_SEM1\EE2024\LCP Codes\LCP Assignments\EE2024 Assignment 2\Lib_MCU\Debug\libLib_MCU.a(lpc17xx_ssp.o)
                0x00004460                SSP_Init
 .text.SSP_ConfigStructInit
                0x0000456c       0x48 C:\Users\gohjy\Desktop\NUS\YEAR2_SEM1\EE2024\LCP Codes\LCP Assignments\EE2024 Assignment 2\Lib_MCU\Debug\libLib_MCU.a(lpc17xx_ssp.o)
                0x0000456c                SSP_ConfigStructInit
 .text.SSP_Cmd  0x000045b4       0x7c C:\Users\gohjy\Desktop\NUS\YEAR2_SEM1\EE2024\LCP Codes\LCP Assignments\EE2024 Assignment 2\Lib_MCU\Debug\libLib_MCU.a(lpc17xx_ssp.o)
                0x000045b4                SSP_Cmd
 .text.SSP_SendData
                0x00004630       0x48 C:\Users\gohjy\Desktop\NUS\YEAR2_SEM1\EE2024\LCP Codes\LCP Assignments\EE2024 Assignment 2\Lib_MCU\Debug\libLib_MCU.a(lpc17xx_ssp.o)
                0x00004630                SSP_SendData
 .text.SSP_ReceiveData
                0x00004678       0x44 C:\Users\gohjy\Desktop\NUS\YEAR2_SEM1\EE2024\LCP Codes\LCP Assignments\EE2024 Assignment 2\Lib_MCU\Debug\libLib_MCU.a(lpc17xx_ssp.o)
                0x00004678                SSP_ReceiveData
 .text.SSP_ReadWrite
                0x000046bc      0x440 C:\Users\gohjy\Desktop\NUS\YEAR2_SEM1\EE2024\LCP Codes\LCP Assignments\EE2024 Assignment 2\Lib_MCU\Debug\libLib_MCU.a(lpc17xx_ssp.o)
                0x000046bc                SSP_ReadWrite
 .text.getUartNum
                0x00004afc       0x54 C:\Users\gohjy\Desktop\NUS\YEAR2_SEM1\EE2024\LCP Codes\LCP Assignments\EE2024 Assignment 2\Lib_MCU\Debug\libLib_MCU.a(lpc17xx_uart.o)
                0x00004afc                getUartNum
 .text.uart_set_divisors
                0x00004b50      0x26c C:\Users\gohjy\Desktop\NUS\YEAR2_SEM1\EE2024\LCP Codes\LCP Assignments\EE2024 Assignment 2\Lib_MCU\Debug\libLib_MCU.a(lpc17xx_uart.o)
                0x00004b50                uart_set_divisors
 .text.UART_GenIntHandler
                0x00004dbc      0x1c8 C:\Users\gohjy\Desktop\NUS\YEAR2_SEM1\EE2024\LCP Codes\LCP Assignments\EE2024 Assignment 2\Lib_MCU\Debug\libLib_MCU.a(lpc17xx_uart.o)
                0x00004dbc                UART_GenIntHandler
 .text.UART_Init
                0x00004f84      0x368 C:\Users\gohjy\Desktop\NUS\YEAR2_SEM1\EE2024\LCP Codes\LCP Assignments\EE2024 Assignment 2\Lib_MCU\Debug\libLib_MCU.a(lpc17xx_uart.o)
                0x00004f84                UART_Init
 .text.UART_SendData
                0x000052ec       0x78 C:\Users\gohjy\Desktop\NUS\YEAR2_SEM1\EE2024\LCP Codes\LCP Assignments\EE2024 Assignment 2\Lib_MCU\Debug\libLib_MCU.a(lpc17xx_uart.o)
                0x000052ec                UART_SendData
 .text.UART_ReceiveData
                0x00005364       0x78 C:\Users\gohjy\Desktop\NUS\YEAR2_SEM1\EE2024\LCP Codes\LCP Assignments\EE2024 Assignment 2\Lib_MCU\Debug\libLib_MCU.a(lpc17xx_uart.o)
                0x00005364                UART_ReceiveData
 .text.UART_IntConfig
                0x000053dc      0x1c8 C:\Users\gohjy\Desktop\NUS\YEAR2_SEM1\EE2024\LCP Codes\LCP Assignments\EE2024 Assignment 2\Lib_MCU\Debug\libLib_MCU.a(lpc17xx_uart.o)
                0x000053dc                UART_IntConfig
 .text.UART_FIFOConfig
                0x000055a4      0x184 C:\Users\gohjy\Desktop\NUS\YEAR2_SEM1\EE2024\LCP Codes\LCP Assignments\EE2024 Assignment 2\Lib_MCU\Debug\libLib_MCU.a(lpc17xx_uart.o)
                0x000055a4                UART_FIFOConfig
 .text.UART_FIFOConfigStructInit
                0x00005728       0x34 C:\Users\gohjy\Desktop\NUS\YEAR2_SEM1\EE2024\LCP Codes\LCP Assignments\EE2024 Assignment 2\Lib_MCU\Debug\libLib_MCU.a(lpc17xx_uart.o)
                0x00005728                UART_FIFOConfigStructInit
 .text.UART_TxCmd
                0x0000575c       0xe8 C:\Users\gohjy\Desktop\NUS\YEAR2_SEM1\EE2024\LCP Codes\LCP Assignments\EE2024 Assignment 2\Lib_MCU\Debug\libLib_MCU.a(lpc17xx_uart.o)
                0x0000575c                UART_TxCmd
 .text.UART_Send
                0x00005844      0x10c C:\Users\gohjy\Desktop\NUS\YEAR2_SEM1\EE2024\LCP Codes\LCP Assignments\EE2024 Assignment 2\Lib_MCU\Debug\libLib_MCU.a(lpc17xx_uart.o)
                0x00005844                UART_Send
 .text.UART_SendString
                0x00005950       0x2c C:\Users\gohjy\Desktop\NUS\YEAR2_SEM1\EE2024\LCP Codes\LCP Assignments\EE2024 Assignment 2\Lib_MCU\Debug\libLib_MCU.a(lpc17xx_uart.o)
                0x00005950                UART_SendString
 .text.UART_Receive
                0x0000597c       0xd8 C:\Users\gohjy\Desktop\NUS\YEAR2_SEM1\EE2024\LCP Codes\LCP Assignments\EE2024 Assignment 2\Lib_MCU\Debug\libLib_MCU.a(lpc17xx_uart.o)
                0x0000597c                UART_Receive
 .text.UART_SetupCbs
                0x00005a54       0xb4 C:\Users\gohjy\Desktop\NUS\YEAR2_SEM1\EE2024\LCP Codes\LCP Assignments\EE2024 Assignment 2\Lib_MCU\Debug\libLib_MCU.a(lpc17xx_uart.o)
                0x00005a54                UART_SetupCbs
 .text.UART3_StdIntHandler
                0x00005b08       0x14 C:\Users\gohjy\Desktop\NUS\YEAR2_SEM1\EE2024\LCP Codes\LCP Assignments\EE2024 Assignment 2\Lib_MCU\Debug\libLib_MCU.a(lpc17xx_uart.o)
                0x00005b08                UART3_StdIntHandler
 .text.CLKPWR_SetPCLKDiv
                0x00005b1c       0xcc C:\Users\gohjy\Desktop\NUS\YEAR2_SEM1\EE2024\LCP Codes\LCP Assignments\EE2024 Assignment 2\Lib_MCU\Debug\libLib_MCU.a(lpc17xx_clkpwr.o)
                0x00005b1c                CLKPWR_SetPCLKDiv
 .text.CLKPWR_GetPCLKSEL
                0x00005be8       0x54 C:\Users\gohjy\Desktop\NUS\YEAR2_SEM1\EE2024\LCP Codes\LCP Assignments\EE2024 Assignment 2\Lib_MCU\Debug\libLib_MCU.a(lpc17xx_clkpwr.o)
                0x00005be8                CLKPWR_GetPCLKSEL
 .text.CLKPWR_GetPCLK
                0x00005c3c       0x74 C:\Users\gohjy\Desktop\NUS\YEAR2_SEM1\EE2024\LCP Codes\LCP Assignments\EE2024 Assignment 2\Lib_MCU\Debug\libLib_MCU.a(lpc17xx_clkpwr.o)
                0x00005c3c                CLKPWR_GetPCLK
 .text.CLKPWR_ConfigPPWR
                0x00005cb0       0x78 C:\Users\gohjy\Desktop\NUS\YEAR2_SEM1\EE2024\LCP Codes\LCP Assignments\EE2024 Assignment 2\Lib_MCU\Debug\libLib_MCU.a(lpc17xx_clkpwr.o)
                0x00005cb0                CLKPWR_ConfigPPWR
 .text          0x00005d28      0x370 c:/nxp/lpcxpresso_6.1.4_194/lpcxpresso/tools/bin/../lib/gcc/arm-none-eabi/4.6.2/armv7-m\libgcc.a(_arm_addsubdf3.o)
                0x00005d28                __aeabi_drsub
                0x00005d30                __aeabi_dsub
                0x00005d30                __subdf3
                0x00005d34                __aeabi_dadd
                0x00005d34                __adddf3
                0x00005fac                __floatunsidf
                0x00005fac                __aeabi_ui2d
                0x00005fcc                __floatsidf
                0x00005fcc                __aeabi_i2d
                0x00005ff0                __aeabi_f2d
                0x00005ff0                __extendsfdf2
                0x0000602c                __floatundidf
                0x0000602c                __aeabi_ul2d
                0x0000603c                __floatdidf
                0x0000603c                __aeabi_l2d
 .text          0x00006098      0x424 c:/nxp/lpcxpresso_6.1.4_194/lpcxpresso/tools/bin/../lib/gcc/arm-none-eabi/4.6.2/armv7-m\libgcc.a(_arm_muldivdf3.o)
                0x00006098                __aeabi_dmul
                0x00006098                __muldf3
                0x000062ec                __divdf3
                0x000062ec                __aeabi_ddiv
 .text          0x000064bc      0x110 c:/nxp/lpcxpresso_6.1.4_194/lpcxpresso/tools/bin/../lib/gcc/arm-none-eabi/4.6.2/armv7-m\libgcc.a(_arm_cmpdf2.o)
                0x000064bc                __gtdf2
                0x000064bc                __gedf2
                0x000064c4                __ltdf2
                0x000064c4                __ledf2
                0x000064cc                __nedf2
                0x000064cc                __eqdf2
                0x000064cc                __cmpdf2
                0x00006548                __aeabi_cdrcmple
                0x00006558                __aeabi_cdcmpeq
                0x00006558                __aeabi_cdcmple
                0x00006568                __aeabi_dcmpeq
                0x0000657c                __aeabi_dcmplt
                0x00006590                __aeabi_dcmple
                0x000065a4                __aeabi_dcmpge
                0x000065b8                __aeabi_dcmpgt
 .text          0x000065cc       0x2c c:/nxp/lpcxpresso_6.1.4_194/lpcxpresso/tools/bin/../lib/gcc/arm-none-eabi/4.6.2/armv7-m\libgcc.a(_aeabi_uldivmod.o)
                0x000065cc                __aeabi_uldivmod
 .text          0x000065f8       0x5c c:/nxp/lpcxpresso_6.1.4_194/lpcxpresso/tools/bin/../lib/gcc/arm-none-eabi/4.6.2/armv7-m\libgcc.a(bpabi.o)
                0x000065f8                __gnu_ldivmod_helper
                0x00006628                __gnu_uldivmod_helper
 .text          0x00006654        0x4 c:/nxp/lpcxpresso_6.1.4_194/lpcxpresso/tools/bin/../lib/gcc/arm-none-eabi/4.6.2/armv7-m\libgcc.a(_dvmd_tls.o)
                0x00006654                __aeabi_idiv0
                0x00006654                __aeabi_ldiv0
 .text          0x00006658      0x2c8 c:/nxp/lpcxpresso_6.1.4_194/lpcxpresso/tools/bin/../lib/gcc/arm-none-eabi/4.6.2/armv7-m\libgcc.a(_divdi3.o)
                0x00006658                __divdi3
 .text          0x00006920      0x298 c:/nxp/lpcxpresso_6.1.4_194/lpcxpresso/tools/bin/../lib/gcc/arm-none-eabi/4.6.2/armv7-m\libgcc.a(_udivdi3.o)
                0x00006920                __udivdi3
 .text.memset   0x00006bb8       0x90 c:/nxp/lpcxpresso_6.1.4_194/lpcxpresso/tools/bin/../lib/gcc/arm-none-eabi/4.6.2/../../../../arm-none-eabi/lib/armv7-m\libc.a(lib_a-memset.o)
                0x00006bb8                memset
 .text.sprintf  0x00006c48       0x50 c:/nxp/lpcxpresso_6.1.4_194/lpcxpresso/tools/bin/../lib/gcc/arm-none-eabi/4.6.2/../../../../arm-none-eabi/lib/armv7-m\libc.a(lib_a-sprintf.o)
                0x00006c48                sprintf
 .text.strlen   0x00006c98       0x60 c:/nxp/lpcxpresso_6.1.4_194/lpcxpresso/tools/bin/../lib/gcc/arm-none-eabi/4.6.2/../../../../arm-none-eabi/lib/armv7-m\libc.a(lib_a-strlen.o)
                0x00006c98                strlen
 .text._svfprintf_r
                0x00006cf8     0x1408 c:/nxp/lpcxpresso_6.1.4_194/lpcxpresso/tools/bin/../lib/gcc/arm-none-eabi/4.6.2/../../../../arm-none-eabi/lib/armv7-m\libc.a(lib_a-svfprintf.o)
                0x00006cf8                _svfprintf_r
 .text.quorem   0x00008100      0x150 c:/nxp/lpcxpresso_6.1.4_194/lpcxpresso/tools/bin/../lib/gcc/arm-none-eabi/4.6.2/../../../../arm-none-eabi/lib/armv7-m\libc.a(lib_a-dtoa.o)
 .text._dtoa_r  0x00008250      0xe60 c:/nxp/lpcxpresso_6.1.4_194/lpcxpresso/tools/bin/../lib/gcc/arm-none-eabi/4.6.2/../../../../arm-none-eabi/lib/armv7-m\libc.a(lib_a-dtoa.o)
                0x00008250                _dtoa_r
 .text._localeconv_r
                0x000090b0        0xc c:/nxp/lpcxpresso_6.1.4_194/lpcxpresso/tools/bin/../lib/gcc/arm-none-eabi/4.6.2/../../../../arm-none-eabi/lib/armv7-m\libc.a(lib_a-locale.o)
                0x000090b0                _localeconv_r
 .text._malloc_r
                0x000090bc      0x528 c:/nxp/lpcxpresso_6.1.4_194/lpcxpresso/tools/bin/../lib/gcc/arm-none-eabi/4.6.2/../../../../arm-none-eabi/lib/armv7-m\libc.a(lib_a-mallocr.o)
                0x000090bc                _malloc_r
 .text.memchr   0x000095e4       0x84 c:/nxp/lpcxpresso_6.1.4_194/lpcxpresso/tools/bin/../lib/gcc/arm-none-eabi/4.6.2/../../../../arm-none-eabi/lib/armv7-m\libc.a(lib_a-memchr.o)
                0x000095e4                memchr
 .text.memcpy   0x00009668       0x84 c:/nxp/lpcxpresso_6.1.4_194/lpcxpresso/tools/bin/../lib/gcc/arm-none-eabi/4.6.2/../../../../arm-none-eabi/lib/armv7-m\libc.a(lib_a-memcpy.o)
                0x00009668                memcpy
 .text.__malloc_lock
                0x000096ec        0x4 c:/nxp/lpcxpresso_6.1.4_194/lpcxpresso/tools/bin/../lib/gcc/arm-none-eabi/4.6.2/../../../../arm-none-eabi/lib/armv7-m\libc.a(lib_a-mlock.o)
                0x000096ec                __malloc_lock
 .text.__malloc_unlock
                0x000096f0        0x4 c:/nxp/lpcxpresso_6.1.4_194/lpcxpresso/tools/bin/../lib/gcc/arm-none-eabi/4.6.2/../../../../arm-none-eabi/lib/armv7-m\libc.a(lib_a-mlock.o)
                0x000096f0                __malloc_unlock
 .text._Balloc  0x000096f4       0x4c c:/nxp/lpcxpresso_6.1.4_194/lpcxpresso/tools/bin/../lib/gcc/arm-none-eabi/4.6.2/../../../../arm-none-eabi/lib/armv7-m\libc.a(lib_a-mprec.o)
                0x000096f4                _Balloc
 .text._Bfree   0x00009740       0x14 c:/nxp/lpcxpresso_6.1.4_194/lpcxpresso/tools/bin/../lib/gcc/arm-none-eabi/4.6.2/../../../../arm-none-eabi/lib/armv7-m\libc.a(lib_a-mprec.o)
                0x00009740                _Bfree
 .text.__multadd
                0x00009754       0x84 c:/nxp/lpcxpresso_6.1.4_194/lpcxpresso/tools/bin/../lib/gcc/arm-none-eabi/4.6.2/../../../../arm-none-eabi/lib/armv7-m\libc.a(lib_a-mprec.o)
                0x00009754                __multadd
 .text.__hi0bits
                0x000097d8       0x3c c:/nxp/lpcxpresso_6.1.4_194/lpcxpresso/tools/bin/../lib/gcc/arm-none-eabi/4.6.2/../../../../arm-none-eabi/lib/armv7-m\libc.a(lib_a-mprec.o)
                0x000097d8                __hi0bits
 .text.__lo0bits
                0x00009814       0x5c c:/nxp/lpcxpresso_6.1.4_194/lpcxpresso/tools/bin/../lib/gcc/arm-none-eabi/4.6.2/../../../../arm-none-eabi/lib/armv7-m\libc.a(lib_a-mprec.o)
                0x00009814                __lo0bits
 .text.__i2b    0x00009870       0x14 c:/nxp/lpcxpresso_6.1.4_194/lpcxpresso/tools/bin/../lib/gcc/arm-none-eabi/4.6.2/../../../../arm-none-eabi/lib/armv7-m\libc.a(lib_a-mprec.o)
                0x00009870                __i2b
 .text.__multiply
                0x00009884      0x144 c:/nxp/lpcxpresso_6.1.4_194/lpcxpresso/tools/bin/../lib/gcc/arm-none-eabi/4.6.2/../../../../arm-none-eabi/lib/armv7-m\libc.a(lib_a-mprec.o)
                0x00009884                __multiply
 .text.__pow5mult
                0x000099c8       0x98 c:/nxp/lpcxpresso_6.1.4_194/lpcxpresso/tools/bin/../lib/gcc/arm-none-eabi/4.6.2/../../../../arm-none-eabi/lib/armv7-m\libc.a(lib_a-mprec.o)
                0x000099c8                __pow5mult
 .text.__lshift
                0x00009a60       0xc0 c:/nxp/lpcxpresso_6.1.4_194/lpcxpresso/tools/bin/../lib/gcc/arm-none-eabi/4.6.2/../../../../arm-none-eabi/lib/armv7-m\libc.a(lib_a-mprec.o)
                0x00009a60                __lshift
 .text.__mcmp   0x00009b20       0x3c c:/nxp/lpcxpresso_6.1.4_194/lpcxpresso/tools/bin/../lib/gcc/arm-none-eabi/4.6.2/../../../../arm-none-eabi/lib/armv7-m\libc.a(lib_a-mprec.o)
                0x00009b20                __mcmp
 .text.__mdiff  0x00009b5c       0xd8 c:/nxp/lpcxpresso_6.1.4_194/lpcxpresso/tools/bin/../lib/gcc/arm-none-eabi/4.6.2/../../../../arm-none-eabi/lib/armv7-m\libc.a(lib_a-mprec.o)
                0x00009b5c                __mdiff
 .text.__d2b    0x00009c34       0xcc c:/nxp/lpcxpresso_6.1.4_194/lpcxpresso/tools/bin/../lib/gcc/arm-none-eabi/4.6.2/../../../../arm-none-eabi/lib/armv7-m\libc.a(lib_a-mprec.o)
                0x00009c34                __d2b
 .text.__fpclassifyd
                0x00009d00       0x68 c:/nxp/lpcxpresso_6.1.4_194/lpcxpresso/tools/bin/../lib/gcc/arm-none-eabi/4.6.2/../../../../arm-none-eabi/lib/armv7-m\libc.a(lib_a-s_fpclassify.o)
                0x00009d00                __fpclassifyd
 .text._sbrk_r  0x00009d68       0x24 c:/nxp/lpcxpresso_6.1.4_194/lpcxpresso/tools/bin/../lib/gcc/arm-none-eabi/4.6.2/../../../../arm-none-eabi/lib/armv7-m\libc.a(lib_a-sbrkr.o)
                0x00009d68                _sbrk_r
 .text.__ssprint_r
                0x00009d8c       0xf8 c:/nxp/lpcxpresso_6.1.4_194/lpcxpresso/tools/bin/../lib/gcc/arm-none-eabi/4.6.2/../../../../arm-none-eabi/lib/armv7-m\libc.a(lib_a-svfiprintf.o)
                0x00009d8c                __ssprint_r
 .text._calloc_r
                0x00009e84       0x60 c:/nxp/lpcxpresso_6.1.4_194/lpcxpresso/tools/bin/../lib/gcc/arm-none-eabi/4.6.2/../../../../arm-none-eabi/lib/armv7-m\libc.a(lib_a-callocr.o)
                0x00009e84                _calloc_r
 .text._malloc_trim_r
                0x00009ee4       0xa0 c:/nxp/lpcxpresso_6.1.4_194/lpcxpresso/tools/bin/../lib/gcc/arm-none-eabi/4.6.2/../../../../arm-none-eabi/lib/armv7-m\libc.a(lib_a-freer.o)
                0x00009ee4                _malloc_trim_r
 .text._free_r  0x00009f84      0x190 c:/nxp/lpcxpresso_6.1.4_194/lpcxpresso/tools/bin/../lib/gcc/arm-none-eabi/4.6.2/../../../../arm-none-eabi/lib/armv7-m\libc.a(lib_a-freer.o)
                0x00009f84                _free_r
 .text.memmove  0x0000a114       0xb0 c:/nxp/lpcxpresso_6.1.4_194/lpcxpresso/tools/bin/../lib/gcc/arm-none-eabi/4.6.2/../../../../arm-none-eabi/lib/armv7-m\libc.a(lib_a-memmove.o)
                0x0000a114                memmove
 .text._realloc_r
                0x0000a1c4      0x3f4 c:/nxp/lpcxpresso_6.1.4_194/lpcxpresso/tools/bin/../lib/gcc/arm-none-eabi/4.6.2/../../../../arm-none-eabi/lib/armv7-m\libc.a(lib_a-reallocr.o)
                0x0000a1c4                _realloc_r
 .text._sbrk    0x0000a5b8       0x3c c:/nxp/lpcxpresso_6.1.4_194/lpcxpresso/tools/bin/../lib/gcc/arm-none-eabi/4.6.2/../../../../arm-none-eabi/lib/armv7-m\libcr_newlib_semihost.a(_cr_sbrk.o)
                0x0000a5b8                _sbrk
 .text.__check_heap_overflow
                0x0000a5f4       0x2c c:/nxp/lpcxpresso_6.1.4_194/lpcxpresso/tools/bin/../lib/gcc/arm-none-eabi/4.6.2/../../../../arm-none-eabi/lib/armv7-m\libcr_newlib_semihost.a(_cr_check_heap.o)
                0x0000a5f4                __check_heap_overflow
 .text          0x0000a620       0x50 c:/nxp/lpcxpresso_6.1.4_194/lpcxpresso/tools/bin/../lib/gcc/arm-none-eabi/4.6.2/armv7-m\libgcc.a(_arm_fixdfsi.o)
                0x0000a620                __aeabi_d2iz
                0x0000a620                __fixdfsi
 .text.__errno  0x0000a670        0xc c:/nxp/lpcxpresso_6.1.4_194/lpcxpresso/tools/bin/../lib/gcc/arm-none-eabi/4.6.2/../../../../arm-none-eabi/lib/armv7-m\libc.a(lib_a-errno.o)
                0x0000a670                __errno
 *(.rodata .rodata.* .constdata .constdata.*)
 .rodata        0x0000a67c      0x198 ./src/main.o
                0x0000a680                ASCII_list
                0x0000a690                inv_ASCII
                0x0000a6a4                RGB_list
 .rodata        0x0000a814        0x8 C:\Users\gohjy\Desktop\NUS\YEAR2_SEM1\EE2024\LCP Codes\LCP Assignments\EE2024 Assignment 2\Lib_EaBaseBoard\Debug\libLib_EaBaseBoard.a(oled.o)
 .rodata        0x0000a81c      0x300 C:\Users\gohjy\Desktop\NUS\YEAR2_SEM1\EE2024\LCP Codes\LCP Assignments\EE2024 Assignment 2\Lib_EaBaseBoard\Debug\libLib_EaBaseBoard.a(font5x7.o)
                0x0000a81c                font5x7
 .rodata        0x0000ab1c       0x18 C:\Users\gohjy\Desktop\NUS\YEAR2_SEM1\EE2024\LCP Codes\LCP Assignments\EE2024 Assignment 2\Lib_MCU\Debug\libLib_MCU.a(lpc17xx_i2c.o)
 .rodata        0x0000ab34       0x18 C:\Users\gohjy\Desktop\NUS\YEAR2_SEM1\EE2024\LCP Codes\LCP Assignments\EE2024 Assignment 2\Lib_MCU\Debug\libLib_MCU.a(lpc17xx_ssp.o)
 .rodata        0x0000ab4c       0x18 C:\Users\gohjy\Desktop\NUS\YEAR2_SEM1\EE2024\LCP Codes\LCP Assignments\EE2024 Assignment 2\Lib_MCU\Debug\libLib_MCU.a(lpc17xx_uart.o)
 .rodata.zeroes.6590
                0x0000ab64       0x10 c:/nxp/lpcxpresso_6.1.4_194/lpcxpresso/tools/bin/../lib/gcc/arm-none-eabi/4.6.2/../../../../arm-none-eabi/lib/armv7-m\libc.a(lib_a-svfprintf.o)
 .rodata.str1.4
                0x0000ab74       0x42 c:/nxp/lpcxpresso_6.1.4_194/lpcxpresso/tools/bin/../lib/gcc/arm-none-eabi/4.6.2/../../../../arm-none-eabi/lib/armv7-m\libc.a(lib_a-svfprintf.o)
                                 0x44 (size before relaxing)
 *fill*         0x0000abb6        0x2 00
 .rodata.blanks.6589
                0x0000abb8       0x10 c:/nxp/lpcxpresso_6.1.4_194/lpcxpresso/tools/bin/../lib/gcc/arm-none-eabi/4.6.2/../../../../arm-none-eabi/lib/armv7-m\libc.a(lib_a-svfprintf.o)
 .rodata.str1.4
                0x0000abc8       0x10 c:/nxp/lpcxpresso_6.1.4_194/lpcxpresso/tools/bin/../lib/gcc/arm-none-eabi/4.6.2/../../../../arm-none-eabi/lib/armv7-m\libc.a(lib_a-dtoa.o)
                                 0x14 (size before relaxing)
 .rodata.str1.4
                0x0000abd8        0x2 c:/nxp/lpcxpresso_6.1.4_194/lpcxpresso/tools/bin/../lib/gcc/arm-none-eabi/4.6.2/../../../../arm-none-eabi/lib/armv7-m\libc.a(lib_a-impure.o)
                                  0x4 (size before relaxing)
 *fill*         0x0000abda        0x2 00
 .rodata.str1.4
                0x0000abdc        0xc c:/nxp/lpcxpresso_6.1.4_194/lpcxpresso/tools/bin/../lib/gcc/arm-none-eabi/4.6.2/../../../../arm-none-eabi/lib/armv7-m\libc.a(lib_a-locale.o)
                                 0x14 (size before relaxing)
 .rodata.__mprec_tens
                0x0000abe8       0xc8 c:/nxp/lpcxpresso_6.1.4_194/lpcxpresso/tools/bin/../lib/gcc/arm-none-eabi/4.6.2/../../../../arm-none-eabi/lib/armv7-m\libc.a(lib_a-mprec.o)
                0x0000abe8                __mprec_tens
 .rodata.__mprec_bigtens
                0x0000acb0       0x28 c:/nxp/lpcxpresso_6.1.4_194/lpcxpresso/tools/bin/../lib/gcc/arm-none-eabi/4.6.2/../../../../arm-none-eabi/lib/armv7-m\libc.a(lib_a-mprec.o)
                0x0000acb0                __mprec_bigtens
 .rodata.p05.5111
                0x0000acd8        0xc c:/nxp/lpcxpresso_6.1.4_194/lpcxpresso/tools/bin/../lib/gcc/arm-none-eabi/4.6.2/../../../../arm-none-eabi/lib/armv7-m\libc.a(lib_a-mprec.o)
                0x0000ace4                . = ALIGN (0x4)

.glue_7         0x0000ace4        0x0
 .glue_7        0x00000000        0x0 linker stubs

.glue_7t        0x0000ace4        0x0
 .glue_7t       0x00000000        0x0 linker stubs

.vfp11_veneer   0x0000ace4        0x0
 .vfp11_veneer  0x00000000        0x0 linker stubs

.v4_bx          0x0000ace4        0x0
 .v4_bx         0x00000000        0x0 linker stubs

.ARM.extab
 *(.ARM.extab* .gnu.linkonce.armextab.*)
                0x0000ace4                __exidx_start = .

.ARM.exidx      0x0000ace4        0x8
 *(.ARM.exidx* .gnu.linkonce.armexidx.*)
 .ARM.exidx     0x0000ace4        0x8 c:/nxp/lpcxpresso_6.1.4_194/lpcxpresso/tools/bin/../lib/gcc/arm-none-eabi/4.6.2/armv7-m\libgcc.a(_divdi3.o)
 .ARM.exidx     0x0000acec        0x0 c:/nxp/lpcxpresso_6.1.4_194/lpcxpresso/tools/bin/../lib/gcc/arm-none-eabi/4.6.2/armv7-m\libgcc.a(_udivdi3.o)
                                  0x8 (size before relaxing)
                0x0000acec                __exidx_end = .
                0x0000acec                _etext = .

.data_RAM2      0x2007c000        0x0 load address 0x0000acec
 FILL mask 0xff
 *(.data.$RAM2*)
 *(.data.$RamAHB32*)
                0x2007c000                . = ALIGN (0x4)

.uninit_RESERVED
                0x10000000        0x0
 *(.bss.$RESERVED*)
                0x10000000                . = ALIGN (0x4)
                0x10000000                _end_uninit_RESERVED = .

.data           0x10000000      0x8f4 load address 0x0000acec
 FILL mask 0xff
                0x10000000                _data = .
 *(vtable)
 *(.data*)
 .data          0x10000000       0x24 ./src/main.o
                0x10000000                dir
                0x10000004                TickInterval
                0x10000008                tempPeriods
                0x1000000c                TEMP_DIVISOR
                0x10000014                reset1
                0x10000018                reset2
                0x1000001c                rgbtimer2
 .data          0x10000024        0x4 C:\Users\gohjy\Desktop\NUS\YEAR2_SEM1\EE2024\LCP Codes\LCP Assignments\EE2024 Assignment 2\Lib_CMSISv1p30_LPC17xx\Debug\libCMSISv1p30_LPC17xx.a(system_LPC17xx.o)
                0x10000024                SystemCoreClock
 .data          0x10000028       0x50 C:\Users\gohjy\Desktop\NUS\YEAR2_SEM1\EE2024\LCP Codes\LCP Assignments\EE2024 Assignment 2\Lib_EaBaseBoard\Debug\libLib_EaBaseBoard.a(led7seg.o)
 .data          0x10000078        0x8 C:\Users\gohjy\Desktop\NUS\YEAR2_SEM1\EE2024\LCP Codes\LCP Assignments\EE2024 Assignment 2\Lib_EaBaseBoard\Debug\libLib_EaBaseBoard.a(light.o)
 .data.impure_data
                0x10000080      0x428 c:/nxp/lpcxpresso_6.1.4_194/lpcxpresso/tools/bin/../lib/gcc/arm-none-eabi/4.6.2/../../../../arm-none-eabi/lib/armv7-m\libc.a(lib_a-impure.o)
 .data._impure_ptr
                0x100004a8        0x4 c:/nxp/lpcxpresso_6.1.4_194/lpcxpresso/tools/bin/../lib/gcc/arm-none-eabi/4.6.2/../../../../arm-none-eabi/lib/armv7-m\libc.a(lib_a-impure.o)
                0x100004a8                _impure_ptr
 .data.lconv    0x100004ac       0x38 c:/nxp/lpcxpresso_6.1.4_194/lpcxpresso/tools/bin/../lib/gcc/arm-none-eabi/4.6.2/../../../../arm-none-eabi/lib/armv7-m\libc.a(lib_a-locale.o)
 .data.__malloc_av_
                0x100004e4      0x408 c:/nxp/lpcxpresso_6.1.4_194/lpcxpresso/tools/bin/../lib/gcc/arm-none-eabi/4.6.2/../../../../arm-none-eabi/lib/armv7-m\libc.a(lib_a-mallocr.o)
                0x100004e4                __malloc_av_
 .data.__malloc_trim_threshold
                0x100008ec        0x4 c:/nxp/lpcxpresso_6.1.4_194/lpcxpresso/tools/bin/../lib/gcc/arm-none-eabi/4.6.2/../../../../arm-none-eabi/lib/armv7-m\libc.a(lib_a-mallocr.o)
                0x100008ec                __malloc_trim_threshold
 .data.__malloc_sbrk_base
                0x100008f0        0x4 c:/nxp/lpcxpresso_6.1.4_194/lpcxpresso/tools/bin/../lib/gcc/arm-none-eabi/4.6.2/../../../../arm-none-eabi/lib/armv7-m\libc.a(lib_a-mallocr.o)
                0x100008f0                __malloc_sbrk_base
                0x100008f4                . = ALIGN (0x4)
                0x100008f4                _edata = .

.bss_RAM2       0x2007c000        0x0
 *(.bss.$RAM2*)
 *(.bss.$RamAHB32*)
                0x2007c000                . = ALIGN (0x4)

.bss            0x100008f4      0x684
                0x100008f4                _bss = .
 *(.bss*)
 .bss           0x100008f4      0x1b4 ./src/main.o
                0x100008f4                xyz
                0x100008f8                xoff
                0x100008fc                yoff
                0x10000900                zoff
                0x10000904                x
                0x10000905                y
                0x10000906                z
                0x10000907                wait
                0x10000908                state
                0x1000090c                msTicks
                0x10000910                SSEG_Timer
                0x10000914                display_acc
                0x1000093c                display_mode
                0x10000964                display_temp
                0x1000098c                display_lux
                0x100009b4                display_xyz
                0x100009dc                TEMP_FLAG
                0x100009e0                LIGHT_FLAG
                0x100009e4                ACC_FLAG
                0x100009e8                temp_value
                0x100009ec                periodCounter
                0x100009f0                t1
                0x100009f4                t2
                0x100009f8                light_value
                0x100009fc                MODE_TOGGLE
                0x100009fd                EINT0_RESET
                0x100009fe                EINT3_RESET
                0x10000a00                EINT0_Timer
                0x10000a04                EINT3_Timer
                0x10000a08                EINT3_Flag
                0x10000a0c                EINT0_FLAG
                0x10000a10                UART_msg
                0x10000a74                WARNING
                0x10000a78                light_warning
                0x10000a7c                temp_warning
                0x10000a80                RAT_COUNTER
                0x10000a84                rev_cnt
                0x10000a88                isReceived
                0x10000a8c                red
                0x10000a90                blue
                0x10000a94                n
                0x10000a98                Inc7_Counter
                0x10000a9c                SSEG_RESET
 .bss           0x10000aa8      0x300 C:\Users\gohjy\Desktop\NUS\YEAR2_SEM1\EE2024\LCP Codes\LCP Assignments\EE2024 Assignment 2\Lib_EaBaseBoard\Debug\libLib_EaBaseBoard.a(oled.o)
 .bss           0x10000da8        0x6 C:\Users\gohjy\Desktop\NUS\YEAR2_SEM1\EE2024\LCP Codes\LCP Assignments\EE2024 Assignment 2\Lib_EaBaseBoard\Debug\libLib_EaBaseBoard.a(pca9532.o)
 *fill*         0x10000dae        0x2 00
 .bss           0x10000db0        0x4 C:\Users\gohjy\Desktop\NUS\YEAR2_SEM1\EE2024\LCP Codes\LCP Assignments\EE2024 Assignment 2\Lib_EaBaseBoard\Debug\libLib_EaBaseBoard.a(temp.o)
 .bss           0x10000db4       0x24 C:\Users\gohjy\Desktop\NUS\YEAR2_SEM1\EE2024\LCP Codes\LCP Assignments\EE2024 Assignment 2\Lib_MCU\Debug\libLib_MCU.a(lpc17xx_i2c.o)
 .bss           0x10000dd8       0x18 C:\Users\gohjy\Desktop\NUS\YEAR2_SEM1\EE2024\LCP Codes\LCP Assignments\EE2024 Assignment 2\Lib_MCU\Debug\libLib_MCU.a(lpc17xx_ssp.o)
 .bss           0x10000df0       0x44 C:\Users\gohjy\Desktop\NUS\YEAR2_SEM1\EE2024\LCP Codes\LCP Assignments\EE2024 Assignment 2\Lib_MCU\Debug\libLib_MCU.a(lpc17xx_uart.o)
                0x10000df0                uartCbsDat
                0x10000e30                pfnModemCbs
 .bss.__malloc_max_total_mem
                0x10000e34        0x4 c:/nxp/lpcxpresso_6.1.4_194/lpcxpresso/tools/bin/../lib/gcc/arm-none-eabi/4.6.2/../../../../arm-none-eabi/lib/armv7-m\libc.a(lib_a-mallocr.o)
                0x10000e34                __malloc_max_total_mem
 .bss.__malloc_max_sbrked_mem
                0x10000e38        0x4 c:/nxp/lpcxpresso_6.1.4_194/lpcxpresso/tools/bin/../lib/gcc/arm-none-eabi/4.6.2/../../../../arm-none-eabi/lib/armv7-m\libc.a(lib_a-mallocr.o)
                0x10000e38                __malloc_max_sbrked_mem
 .bss.__malloc_top_pad
                0x10000e3c        0x4 c:/nxp/lpcxpresso_6.1.4_194/lpcxpresso/tools/bin/../lib/gcc/arm-none-eabi/4.6.2/../../../../arm-none-eabi/lib/armv7-m\libc.a(lib_a-mallocr.o)
                0x10000e3c                __malloc_top_pad
 .bss.__malloc_current_mallinfo
                0x10000e40       0x28 c:/nxp/lpcxpresso_6.1.4_194/lpcxpresso/tools/bin/../lib/gcc/arm-none-eabi/4.6.2/../../../../arm-none-eabi/lib/armv7-m\libc.a(lib_a-mallocr.o)
                0x10000e40                __malloc_current_mallinfo
 *(COMMON)
 COMMON         0x10000e68      0x107 ./src/main.o
                0x10000e68                BLINK_MODE
                0x10000e6c                rgbtimer1
                0x10000e70                rev_buf
 *fill*         0x10000f6f        0x1 00
 COMMON         0x10000f70        0x4 c:/nxp/lpcxpresso_6.1.4_194/lpcxpresso/tools/bin/../lib/gcc/arm-none-eabi/4.6.2/../../../../arm-none-eabi/lib/armv7-m\libc.a(lib_a-reent.o)
                0x10000f70                errno
 COMMON         0x10000f74        0x4 c:/nxp/lpcxpresso_6.1.4_194/lpcxpresso/tools/bin/../lib/gcc/arm-none-eabi/4.6.2/../../../../arm-none-eabi/lib/armv7-m\libcr_newlib_semihost.a(_cr_sbrk.o)
                0x10000f74                __end_of_heap
                0x10000f78                . = ALIGN (0x4)
                0x10000f78                _ebss = .
                0x10000f78                PROVIDE (end, .)

.noinit_RAM2    0x2007c000        0x0
 *(.noinit.$RAM2*)
 *(.noinit.$RamAHB32*)
                0x2007c000                . = ALIGN (0x4)

.noinit         0x10000f78        0x0
                0x10000f78                _noinit = .
 *(.noinit*)
                0x10000f78                . = ALIGN (0x4)
                0x10000f78                _end_noinit = .
                0x10000f78                PROVIDE (_pvHeapStart, .)
                0x10008000                PROVIDE (_vStackTop, (__top_RamLoc32 - 0x0))
OUTPUT(demo.axf elf32-littlearm)

.debug_info     0x00000000     0x90c4
 .debug_info    0x00000000      0x209 ./src/cr_startup_lpc17.o
 .debug_info    0x00000209     0x1d72 ./src/main.o
 .debug_info    0x00001f7b      0x357 C:\Users\gohjy\Desktop\NUS\YEAR2_SEM1\EE2024\LCP Codes\LCP Assignments\EE2024 Assignment 2\Lib_CMSISv1p30_LPC17xx\Debug\libCMSISv1p30_LPC17xx.a(system_LPC17xx.o)
 .debug_info    0x000022d2      0x53d C:\Users\gohjy\Desktop\NUS\YEAR2_SEM1\EE2024\LCP Codes\LCP Assignments\EE2024 Assignment 2\Lib_EaBaseBoard\Debug\libLib_EaBaseBoard.a(acc.o)
 .debug_info    0x0000280f      0x10f C:\Users\gohjy\Desktop\NUS\YEAR2_SEM1\EE2024\LCP Codes\LCP Assignments\EE2024 Assignment 2\Lib_EaBaseBoard\Debug\libLib_EaBaseBoard.a(joystick.o)
 .debug_info    0x0000291e      0x282 C:\Users\gohjy\Desktop\NUS\YEAR2_SEM1\EE2024\LCP Codes\LCP Assignments\EE2024 Assignment 2\Lib_EaBaseBoard\Debug\libLib_EaBaseBoard.a(led7seg.o)
 .debug_info    0x00002ba0      0x763 C:\Users\gohjy\Desktop\NUS\YEAR2_SEM1\EE2024\LCP Codes\LCP Assignments\EE2024 Assignment 2\Lib_EaBaseBoard\Debug\libLib_EaBaseBoard.a(light.o)
 .debug_info    0x00003303      0x97d C:\Users\gohjy\Desktop\NUS\YEAR2_SEM1\EE2024\LCP Codes\LCP Assignments\EE2024 Assignment 2\Lib_EaBaseBoard\Debug\libLib_EaBaseBoard.a(oled.o)
 .debug_info    0x00003c80      0x642 C:\Users\gohjy\Desktop\NUS\YEAR2_SEM1\EE2024\LCP Codes\LCP Assignments\EE2024 Assignment 2\Lib_EaBaseBoard\Debug\libLib_EaBaseBoard.a(pca9532.o)
 .debug_info    0x000042c2      0x11a C:\Users\gohjy\Desktop\NUS\YEAR2_SEM1\EE2024\LCP Codes\LCP Assignments\EE2024 Assignment 2\Lib_EaBaseBoard\Debug\libLib_EaBaseBoard.a(rgb.o)
 .debug_info    0x000043dc      0x154 C:\Users\gohjy\Desktop\NUS\YEAR2_SEM1\EE2024\LCP Codes\LCP Assignments\EE2024 Assignment 2\Lib_EaBaseBoard\Debug\libLib_EaBaseBoard.a(temp.o)
 .debug_info    0x00004530       0x65 C:\Users\gohjy\Desktop\NUS\YEAR2_SEM1\EE2024\LCP Codes\LCP Assignments\EE2024 Assignment 2\Lib_EaBaseBoard\Debug\libLib_EaBaseBoard.a(font5x7.o)
 .debug_info    0x00004595      0xb95 C:\Users\gohjy\Desktop\NUS\YEAR2_SEM1\EE2024\LCP Codes\LCP Assignments\EE2024 Assignment 2\Lib_MCU\Debug\libLib_MCU.a(lpc17xx_gpio.o)
 .debug_info    0x0000512a      0xcc3 C:\Users\gohjy\Desktop\NUS\YEAR2_SEM1\EE2024\LCP Codes\LCP Assignments\EE2024 Assignment 2\Lib_MCU\Debug\libLib_MCU.a(lpc17xx_i2c.o)
 .debug_info    0x00005ded      0x4b1 C:\Users\gohjy\Desktop\NUS\YEAR2_SEM1\EE2024\LCP Codes\LCP Assignments\EE2024 Assignment 2\Lib_MCU\Debug\libLib_MCU.a(lpc17xx_pinsel.o)
 .debug_info    0x0000629e      0x867 C:\Users\gohjy\Desktop\NUS\YEAR2_SEM1\EE2024\LCP Codes\LCP Assignments\EE2024 Assignment 2\Lib_MCU\Debug\libLib_MCU.a(lpc17xx_ssp.o)
 .debug_info    0x00006b05      0x8e4 C:\Users\gohjy\Desktop\NUS\YEAR2_SEM1\EE2024\LCP Codes\LCP Assignments\EE2024 Assignment 2\Lib_MCU\Debug\libLib_MCU.a(lpc17xx_timer.o)
 .debug_info    0x000073e9     0x14df C:\Users\gohjy\Desktop\NUS\YEAR2_SEM1\EE2024\LCP Codes\LCP Assignments\EE2024 Assignment 2\Lib_MCU\Debug\libLib_MCU.a(lpc17xx_uart.o)
 .debug_info    0x000088c8      0x641 C:\Users\gohjy\Desktop\NUS\YEAR2_SEM1\EE2024\LCP Codes\LCP Assignments\EE2024 Assignment 2\Lib_MCU\Debug\libLib_MCU.a(lpc17xx_clkpwr.o)
 .debug_info    0x00008f09      0x106 c:/nxp/lpcxpresso_6.1.4_194/lpcxpresso/tools/bin/../lib/gcc/arm-none-eabi/4.6.2/../../../../arm-none-eabi/lib/armv7-m\libcr_newlib_semihost.a(_cr_sbrk.o)
 .debug_info    0x0000900f       0xb5 c:/nxp/lpcxpresso_6.1.4_194/lpcxpresso/tools/bin/../lib/gcc/arm-none-eabi/4.6.2/../../../../arm-none-eabi/lib/armv7-m\libcr_newlib_semihost.a(_cr_check_heap.o)

.debug_abbrev   0x00000000     0x1c32
 .debug_abbrev  0x00000000       0xb4 ./src/cr_startup_lpc17.o
 .debug_abbrev  0x000000b4      0x320 ./src/main.o
 .debug_abbrev  0x000003d4       0xce C:\Users\gohjy\Desktop\NUS\YEAR2_SEM1\EE2024\LCP Codes\LCP Assignments\EE2024 Assignment 2\Lib_CMSISv1p30_LPC17xx\Debug\libCMSISv1p30_LPC17xx.a(system_LPC17xx.o)
 .debug_abbrev  0x000004a2      0x15c C:\Users\gohjy\Desktop\NUS\YEAR2_SEM1\EE2024\LCP Codes\LCP Assignments\EE2024 Assignment 2\Lib_EaBaseBoard\Debug\libLib_EaBaseBoard.a(acc.o)
 .debug_abbrev  0x000005fe       0x90 C:\Users\gohjy\Desktop\NUS\YEAR2_SEM1\EE2024\LCP Codes\LCP Assignments\EE2024 Assignment 2\Lib_EaBaseBoard\Debug\libLib_EaBaseBoard.a(joystick.o)
 .debug_abbrev  0x0000068e      0x155 C:\Users\gohjy\Desktop\NUS\YEAR2_SEM1\EE2024\LCP Codes\LCP Assignments\EE2024 Assignment 2\Lib_EaBaseBoard\Debug\libLib_EaBaseBoard.a(led7seg.o)
 .debug_abbrev  0x000007e3      0x1bd C:\Users\gohjy\Desktop\NUS\YEAR2_SEM1\EE2024\LCP Codes\LCP Assignments\EE2024 Assignment 2\Lib_EaBaseBoard\Debug\libLib_EaBaseBoard.a(light.o)
 .debug_abbrev  0x000009a0      0x1f1 C:\Users\gohjy\Desktop\NUS\YEAR2_SEM1\EE2024\LCP Codes\LCP Assignments\EE2024 Assignment 2\Lib_EaBaseBoard\Debug\libLib_EaBaseBoard.a(oled.o)
 .debug_abbrev  0x00000b91      0x1aa C:\Users\gohjy\Desktop\NUS\YEAR2_SEM1\EE2024\LCP Codes\LCP Assignments\EE2024 Assignment 2\Lib_EaBaseBoard\Debug\libLib_EaBaseBoard.a(pca9532.o)
 .debug_abbrev  0x00000d3b       0xb8 C:\Users\gohjy\Desktop\NUS\YEAR2_SEM1\EE2024\LCP Codes\LCP Assignments\EE2024 Assignment 2\Lib_EaBaseBoard\Debug\libLib_EaBaseBoard.a(rgb.o)
 .debug_abbrev  0x00000df3       0xc2 C:\Users\gohjy\Desktop\NUS\YEAR2_SEM1\EE2024\LCP Codes\LCP Assignments\EE2024 Assignment 2\Lib_EaBaseBoard\Debug\libLib_EaBaseBoard.a(temp.o)
 .debug_abbrev  0x00000eb5       0x4b C:\Users\gohjy\Desktop\NUS\YEAR2_SEM1\EE2024\LCP Codes\LCP Assignments\EE2024 Assignment 2\Lib_EaBaseBoard\Debug\libLib_EaBaseBoard.a(font5x7.o)
 .debug_abbrev  0x00000f00      0x185 C:\Users\gohjy\Desktop\NUS\YEAR2_SEM1\EE2024\LCP Codes\LCP Assignments\EE2024 Assignment 2\Lib_MCU\Debug\libLib_MCU.a(lpc17xx_gpio.o)
 .debug_abbrev  0x00001085      0x24a C:\Users\gohjy\Desktop\NUS\YEAR2_SEM1\EE2024\LCP Codes\LCP Assignments\EE2024 Assignment 2\Lib_MCU\Debug\libLib_MCU.a(lpc17xx_i2c.o)
 .debug_abbrev  0x000012cf      0x10a C:\Users\gohjy\Desktop\NUS\YEAR2_SEM1\EE2024\LCP Codes\LCP Assignments\EE2024 Assignment 2\Lib_MCU\Debug\libLib_MCU.a(lpc17xx_pinsel.o)
 .debug_abbrev  0x000013d9      0x1d3 C:\Users\gohjy\Desktop\NUS\YEAR2_SEM1\EE2024\LCP Codes\LCP Assignments\EE2024 Assignment 2\Lib_MCU\Debug\libLib_MCU.a(lpc17xx_ssp.o)
 .debug_abbrev  0x000015ac      0x19f C:\Users\gohjy\Desktop\NUS\YEAR2_SEM1\EE2024\LCP Codes\LCP Assignments\EE2024 Assignment 2\Lib_MCU\Debug\libLib_MCU.a(lpc17xx_timer.o)
 .debug_abbrev  0x0000174b      0x259 C:\Users\gohjy\Desktop\NUS\YEAR2_SEM1\EE2024\LCP Codes\LCP Assignments\EE2024 Assignment 2\Lib_MCU\Debug\libLib_MCU.a(lpc17xx_uart.o)
 .debug_abbrev  0x000019a4      0x174 C:\Users\gohjy\Desktop\NUS\YEAR2_SEM1\EE2024\LCP Codes\LCP Assignments\EE2024 Assignment 2\Lib_MCU\Debug\libLib_MCU.a(lpc17xx_clkpwr.o)
 .debug_abbrev  0x00001b18       0xa8 c:/nxp/lpcxpresso_6.1.4_194/lpcxpresso/tools/bin/../lib/gcc/arm-none-eabi/4.6.2/../../../../arm-none-eabi/lib/armv7-m\libcr_newlib_semihost.a(_cr_sbrk.o)
 .debug_abbrev  0x00001bc0       0x72 c:/nxp/lpcxpresso_6.1.4_194/lpcxpresso/tools/bin/../lib/gcc/arm-none-eabi/4.6.2/../../../../arm-none-eabi/lib/armv7-m\libcr_newlib_semihost.a(_cr_check_heap.o)

.debug_loc      0x00000000     0x3352
 .debug_loc     0x00000000      0x1f0 ./src/cr_startup_lpc17.o
 .debug_loc     0x000001f0      0x740 ./src/main.o
 .debug_loc     0x00000930       0x58 C:\Users\gohjy\Desktop\NUS\YEAR2_SEM1\EE2024\LCP Codes\LCP Assignments\EE2024 Assignment 2\Lib_CMSISv1p30_LPC17xx\Debug\libCMSISv1p30_LPC17xx.a(system_LPC17xx.o)
 .debug_loc     0x00000988      0x1f0 C:\Users\gohjy\Desktop\NUS\YEAR2_SEM1\EE2024\LCP Codes\LCP Assignments\EE2024 Assignment 2\Lib_EaBaseBoard\Debug\libLib_EaBaseBoard.a(acc.o)
 .debug_loc     0x00000b78       0x64 C:\Users\gohjy\Desktop\NUS\YEAR2_SEM1\EE2024\LCP Codes\LCP Assignments\EE2024 Assignment 2\Lib_EaBaseBoard\Debug\libLib_EaBaseBoard.a(joystick.o)
 .debug_loc     0x00000bdc       0x64 C:\Users\gohjy\Desktop\NUS\YEAR2_SEM1\EE2024\LCP Codes\LCP Assignments\EE2024 Assignment 2\Lib_EaBaseBoard\Debug\libLib_EaBaseBoard.a(led7seg.o)
 .debug_loc     0x00000c40      0x378 C:\Users\gohjy\Desktop\NUS\YEAR2_SEM1\EE2024\LCP Codes\LCP Assignments\EE2024 Assignment 2\Lib_EaBaseBoard\Debug\libLib_EaBaseBoard.a(light.o)
 .debug_loc     0x00000fb8      0x33e C:\Users\gohjy\Desktop\NUS\YEAR2_SEM1\EE2024\LCP Codes\LCP Assignments\EE2024 Assignment 2\Lib_EaBaseBoard\Debug\libLib_EaBaseBoard.a(oled.o)
 .debug_loc     0x000012f6      0x2d0 C:\Users\gohjy\Desktop\NUS\YEAR2_SEM1\EE2024\LCP Codes\LCP Assignments\EE2024 Assignment 2\Lib_EaBaseBoard\Debug\libLib_EaBaseBoard.a(pca9532.o)
 .debug_loc     0x000015c6       0x64 C:\Users\gohjy\Desktop\NUS\YEAR2_SEM1\EE2024\LCP Codes\LCP Assignments\EE2024 Assignment 2\Lib_EaBaseBoard\Debug\libLib_EaBaseBoard.a(rgb.o)
 .debug_loc     0x0000162a       0x70 C:\Users\gohjy\Desktop\NUS\YEAR2_SEM1\EE2024\LCP Codes\LCP Assignments\EE2024 Assignment 2\Lib_EaBaseBoard\Debug\libLib_EaBaseBoard.a(temp.o)
 .debug_loc     0x0000169a      0x4d0 C:\Users\gohjy\Desktop\NUS\YEAR2_SEM1\EE2024\LCP Codes\LCP Assignments\EE2024 Assignment 2\Lib_MCU\Debug\libLib_MCU.a(lpc17xx_gpio.o)
 .debug_loc     0x00001b6a      0x4e4 C:\Users\gohjy\Desktop\NUS\YEAR2_SEM1\EE2024\LCP Codes\LCP Assignments\EE2024 Assignment 2\Lib_MCU\Debug\libLib_MCU.a(lpc17xx_i2c.o)
 .debug_loc     0x0000204e      0x150 C:\Users\gohjy\Desktop\NUS\YEAR2_SEM1\EE2024\LCP Codes\LCP Assignments\EE2024 Assignment 2\Lib_MCU\Debug\libLib_MCU.a(lpc17xx_pinsel.o)
 .debug_loc     0x0000219e      0x448 C:\Users\gohjy\Desktop\NUS\YEAR2_SEM1\EE2024\LCP Codes\LCP Assignments\EE2024 Assignment 2\Lib_MCU\Debug\libLib_MCU.a(lpc17xx_ssp.o)
 .debug_loc     0x000025e6      0x3b8 C:\Users\gohjy\Desktop\NUS\YEAR2_SEM1\EE2024\LCP Codes\LCP Assignments\EE2024 Assignment 2\Lib_MCU\Debug\libLib_MCU.a(lpc17xx_timer.o)
 .debug_loc     0x0000299e      0x77a C:\Users\gohjy\Desktop\NUS\YEAR2_SEM1\EE2024\LCP Codes\LCP Assignments\EE2024 Assignment 2\Lib_MCU\Debug\libLib_MCU.a(lpc17xx_uart.o)
 .debug_loc     0x00003118      0x1bc C:\Users\gohjy\Desktop\NUS\YEAR2_SEM1\EE2024\LCP Codes\LCP Assignments\EE2024 Assignment 2\Lib_MCU\Debug\libLib_MCU.a(lpc17xx_clkpwr.o)
 .debug_loc     0x000032d4       0x55 c:/nxp/lpcxpresso_6.1.4_194/lpcxpresso/tools/bin/../lib/gcc/arm-none-eabi/4.6.2/../../../../arm-none-eabi/lib/armv7-m\libcr_newlib_semihost.a(_cr_sbrk.o)
 .debug_loc     0x00003329       0x29 c:/nxp/lpcxpresso_6.1.4_194/lpcxpresso/tools/bin/../lib/gcc/arm-none-eabi/4.6.2/../../../../arm-none-eabi/lib/armv7-m\libcr_newlib_semihost.a(_cr_check_heap.o)

.debug_aranges  0x00000000      0x988
 .debug_aranges
                0x00000000       0x70 ./src/cr_startup_lpc17.o
 .debug_aranges
                0x00000070      0x140 ./src/main.o
 .debug_aranges
                0x000001b0       0x28 C:\Users\gohjy\Desktop\NUS\YEAR2_SEM1\EE2024\LCP Codes\LCP Assignments\EE2024 Assignment 2\Lib_CMSISv1p30_LPC17xx\Debug\libCMSISv1p30_LPC17xx.a(system_LPC17xx.o)
 .debug_aranges
                0x000001d8       0x60 C:\Users\gohjy\Desktop\NUS\YEAR2_SEM1\EE2024\LCP Codes\LCP Assignments\EE2024 Assignment 2\Lib_EaBaseBoard\Debug\libLib_EaBaseBoard.a(acc.o)
 .debug_aranges
                0x00000238       0x28 C:\Users\gohjy\Desktop\NUS\YEAR2_SEM1\EE2024\LCP Codes\LCP Assignments\EE2024 Assignment 2\Lib_EaBaseBoard\Debug\libLib_EaBaseBoard.a(joystick.o)
 .debug_aranges
                0x00000260       0x28 C:\Users\gohjy\Desktop\NUS\YEAR2_SEM1\EE2024\LCP Codes\LCP Assignments\EE2024 Assignment 2\Lib_EaBaseBoard\Debug\libLib_EaBaseBoard.a(led7seg.o)
 .debug_aranges
                0x00000288       0x98 C:\Users\gohjy\Desktop\NUS\YEAR2_SEM1\EE2024\LCP Codes\LCP Assignments\EE2024 Assignment 2\Lib_EaBaseBoard\Debug\libLib_EaBaseBoard.a(light.o)
 .debug_aranges
                0x00000320       0x90 C:\Users\gohjy\Desktop\NUS\YEAR2_SEM1\EE2024\LCP Codes\LCP Assignments\EE2024 Assignment 2\Lib_EaBaseBoard\Debug\libLib_EaBaseBoard.a(oled.o)
 .debug_aranges
                0x000003b0       0x80 C:\Users\gohjy\Desktop\NUS\YEAR2_SEM1\EE2024\LCP Codes\LCP Assignments\EE2024 Assignment 2\Lib_EaBaseBoard\Debug\libLib_EaBaseBoard.a(pca9532.o)
 .debug_aranges
                0x00000430       0x28 C:\Users\gohjy\Desktop\NUS\YEAR2_SEM1\EE2024\LCP Codes\LCP Assignments\EE2024 Assignment 2\Lib_EaBaseBoard\Debug\libLib_EaBaseBoard.a(rgb.o)
 .debug_aranges
                0x00000458       0x28 C:\Users\gohjy\Desktop\NUS\YEAR2_SEM1\EE2024\LCP Codes\LCP Assignments\EE2024 Assignment 2\Lib_EaBaseBoard\Debug\libLib_EaBaseBoard.a(temp.o)
 .debug_aranges
                0x00000480       0xc8 C:\Users\gohjy\Desktop\NUS\YEAR2_SEM1\EE2024\LCP Codes\LCP Assignments\EE2024 Assignment 2\Lib_MCU\Debug\libLib_MCU.a(lpc17xx_gpio.o)
 .debug_aranges
                0x00000548       0xd0 C:\Users\gohjy\Desktop\NUS\YEAR2_SEM1\EE2024\LCP Codes\LCP Assignments\EE2024 Assignment 2\Lib_MCU\Debug\libLib_MCU.a(lpc17xx_i2c.o)
 .debug_aranges
                0x00000618       0x48 C:\Users\gohjy\Desktop\NUS\YEAR2_SEM1\EE2024\LCP Codes\LCP Assignments\EE2024 Assignment 2\Lib_MCU\Debug\libLib_MCU.a(lpc17xx_pinsel.o)
 .debug_aranges
                0x00000660       0xb8 C:\Users\gohjy\Desktop\NUS\YEAR2_SEM1\EE2024\LCP Codes\LCP Assignments\EE2024 Assignment 2\Lib_MCU\Debug\libLib_MCU.a(lpc17xx_ssp.o)
 .debug_aranges
                0x00000718       0xa0 C:\Users\gohjy\Desktop\NUS\YEAR2_SEM1\EE2024\LCP Codes\LCP Assignments\EE2024 Assignment 2\Lib_MCU\Debug\libLib_MCU.a(lpc17xx_timer.o)
 .debug_aranges
                0x000007b8      0x130 C:\Users\gohjy\Desktop\NUS\YEAR2_SEM1\EE2024\LCP Codes\LCP Assignments\EE2024 Assignment 2\Lib_MCU\Debug\libLib_MCU.a(lpc17xx_uart.o)
 .debug_aranges
                0x000008e8       0x60 C:\Users\gohjy\Desktop\NUS\YEAR2_SEM1\EE2024\LCP Codes\LCP Assignments\EE2024 Assignment 2\Lib_MCU\Debug\libLib_MCU.a(lpc17xx_clkpwr.o)
 .debug_aranges
                0x00000948       0x20 c:/nxp/lpcxpresso_6.1.4_194/lpcxpresso/tools/bin/../lib/gcc/arm-none-eabi/4.6.2/../../../../arm-none-eabi/lib/armv7-m\libcr_newlib_semihost.a(_cr_sbrk.o)
 .debug_aranges
                0x00000968       0x20 c:/nxp/lpcxpresso_6.1.4_194/lpcxpresso/tools/bin/../lib/gcc/arm-none-eabi/4.6.2/../../../../arm-none-eabi/lib/armv7-m\libcr_newlib_semihost.a(_cr_check_heap.o)

.debug_ranges   0x00000000      0x848
 .debug_ranges  0x00000000       0x60 ./src/cr_startup_lpc17.o
 .debug_ranges  0x00000060      0x130 ./src/main.o
 .debug_ranges  0x00000190       0x18 C:\Users\gohjy\Desktop\NUS\YEAR2_SEM1\EE2024\LCP Codes\LCP Assignments\EE2024 Assignment 2\Lib_CMSISv1p30_LPC17xx\Debug\libCMSISv1p30_LPC17xx.a(system_LPC17xx.o)
 .debug_ranges  0x000001a8       0x50 C:\Users\gohjy\Desktop\NUS\YEAR2_SEM1\EE2024\LCP Codes\LCP Assignments\EE2024 Assignment 2\Lib_EaBaseBoard\Debug\libLib_EaBaseBoard.a(acc.o)
 .debug_ranges  0x000001f8       0x18 C:\Users\gohjy\Desktop\NUS\YEAR2_SEM1\EE2024\LCP Codes\LCP Assignments\EE2024 Assignment 2\Lib_EaBaseBoard\Debug\libLib_EaBaseBoard.a(joystick.o)
 .debug_ranges  0x00000210       0x18 C:\Users\gohjy\Desktop\NUS\YEAR2_SEM1\EE2024\LCP Codes\LCP Assignments\EE2024 Assignment 2\Lib_EaBaseBoard\Debug\libLib_EaBaseBoard.a(led7seg.o)
 .debug_ranges  0x00000228       0x88 C:\Users\gohjy\Desktop\NUS\YEAR2_SEM1\EE2024\LCP Codes\LCP Assignments\EE2024 Assignment 2\Lib_EaBaseBoard\Debug\libLib_EaBaseBoard.a(light.o)
 .debug_ranges  0x000002b0       0x80 C:\Users\gohjy\Desktop\NUS\YEAR2_SEM1\EE2024\LCP Codes\LCP Assignments\EE2024 Assignment 2\Lib_EaBaseBoard\Debug\libLib_EaBaseBoard.a(oled.o)
 .debug_ranges  0x00000330       0x70 C:\Users\gohjy\Desktop\NUS\YEAR2_SEM1\EE2024\LCP Codes\LCP Assignments\EE2024 Assignment 2\Lib_EaBaseBoard\Debug\libLib_EaBaseBoard.a(pca9532.o)
 .debug_ranges  0x000003a0       0x18 C:\Users\gohjy\Desktop\NUS\YEAR2_SEM1\EE2024\LCP Codes\LCP Assignments\EE2024 Assignment 2\Lib_EaBaseBoard\Debug\libLib_EaBaseBoard.a(rgb.o)
 .debug_ranges  0x000003b8       0x18 C:\Users\gohjy\Desktop\NUS\YEAR2_SEM1\EE2024\LCP Codes\LCP Assignments\EE2024 Assignment 2\Lib_EaBaseBoard\Debug\libLib_EaBaseBoard.a(temp.o)
 .debug_ranges  0x000003d0       0xb8 C:\Users\gohjy\Desktop\NUS\YEAR2_SEM1\EE2024\LCP Codes\LCP Assignments\EE2024 Assignment 2\Lib_MCU\Debug\libLib_MCU.a(lpc17xx_gpio.o)
 .debug_ranges  0x00000488       0xc0 C:\Users\gohjy\Desktop\NUS\YEAR2_SEM1\EE2024\LCP Codes\LCP Assignments\EE2024 Assignment 2\Lib_MCU\Debug\libLib_MCU.a(lpc17xx_i2c.o)
 .debug_ranges  0x00000548       0x38 C:\Users\gohjy\Desktop\NUS\YEAR2_SEM1\EE2024\LCP Codes\LCP Assignments\EE2024 Assignment 2\Lib_MCU\Debug\libLib_MCU.a(lpc17xx_pinsel.o)
 .debug_ranges  0x00000580       0xa8 C:\Users\gohjy\Desktop\NUS\YEAR2_SEM1\EE2024\LCP Codes\LCP Assignments\EE2024 Assignment 2\Lib_MCU\Debug\libLib_MCU.a(lpc17xx_ssp.o)
 .debug_ranges  0x00000628       0x90 C:\Users\gohjy\Desktop\NUS\YEAR2_SEM1\EE2024\LCP Codes\LCP Assignments\EE2024 Assignment 2\Lib_MCU\Debug\libLib_MCU.a(lpc17xx_timer.o)
 .debug_ranges  0x000006b8      0x120 C:\Users\gohjy\Desktop\NUS\YEAR2_SEM1\EE2024\LCP Codes\LCP Assignments\EE2024 Assignment 2\Lib_MCU\Debug\libLib_MCU.a(lpc17xx_uart.o)
 .debug_ranges  0x000007d8       0x50 C:\Users\gohjy\Desktop\NUS\YEAR2_SEM1\EE2024\LCP Codes\LCP Assignments\EE2024 Assignment 2\Lib_MCU\Debug\libLib_MCU.a(lpc17xx_clkpwr.o)
 .debug_ranges  0x00000828       0x10 c:/nxp/lpcxpresso_6.1.4_194/lpcxpresso/tools/bin/../lib/gcc/arm-none-eabi/4.6.2/../../../../arm-none-eabi/lib/armv7-m\libcr_newlib_semihost.a(_cr_sbrk.o)
 .debug_ranges  0x00000838       0x10 c:/nxp/lpcxpresso_6.1.4_194/lpcxpresso/tools/bin/../lib/gcc/arm-none-eabi/4.6.2/../../../../arm-none-eabi/lib/armv7-m\libcr_newlib_semihost.a(_cr_check_heap.o)

.debug_line     0x00000000     0x796f
 .debug_line    0x00000000      0x396 ./src/cr_startup_lpc17.o
 .debug_line    0x00000396      0xd5b ./src/main.o
 .debug_line    0x000010f1      0x435 C:\Users\gohjy\Desktop\NUS\YEAR2_SEM1\EE2024\LCP Codes\LCP Assignments\EE2024 Assignment 2\Lib_CMSISv1p30_LPC17xx\Debug\libCMSISv1p30_LPC17xx.a(system_LPC17xx.o)
 .debug_line    0x00001526      0x56c C:\Users\gohjy\Desktop\NUS\YEAR2_SEM1\EE2024\LCP Codes\LCP Assignments\EE2024 Assignment 2\Lib_EaBaseBoard\Debug\libLib_EaBaseBoard.a(acc.o)
 .debug_line    0x00001a92      0x4d7 C:\Users\gohjy\Desktop\NUS\YEAR2_SEM1\EE2024\LCP Codes\LCP Assignments\EE2024 Assignment 2\Lib_EaBaseBoard\Debug\libLib_EaBaseBoard.a(joystick.o)
 .debug_line    0x00001f69      0x4e7 C:\Users\gohjy\Desktop\NUS\YEAR2_SEM1\EE2024\LCP Codes\LCP Assignments\EE2024 Assignment 2\Lib_EaBaseBoard\Debug\libLib_EaBaseBoard.a(led7seg.o)
 .debug_line    0x00002450      0x618 C:\Users\gohjy\Desktop\NUS\YEAR2_SEM1\EE2024\LCP Codes\LCP Assignments\EE2024 Assignment 2\Lib_EaBaseBoard\Debug\libLib_EaBaseBoard.a(light.o)
 .debug_line    0x00002a68      0x7f1 C:\Users\gohjy\Desktop\NUS\YEAR2_SEM1\EE2024\LCP Codes\LCP Assignments\EE2024 Assignment 2\Lib_EaBaseBoard\Debug\libLib_EaBaseBoard.a(oled.o)
 .debug_line    0x00003259      0x603 C:\Users\gohjy\Desktop\NUS\YEAR2_SEM1\EE2024\LCP Codes\LCP Assignments\EE2024 Assignment 2\Lib_EaBaseBoard\Debug\libLib_EaBaseBoard.a(pca9532.o)
 .debug_line    0x0000385c      0x4c6 C:\Users\gohjy\Desktop\NUS\YEAR2_SEM1\EE2024\LCP Codes\LCP Assignments\EE2024 Assignment 2\Lib_EaBaseBoard\Debug\libLib_EaBaseBoard.a(rgb.o)
 .debug_line    0x00003d22      0x4e5 C:\Users\gohjy\Desktop\NUS\YEAR2_SEM1\EE2024\LCP Codes\LCP Assignments\EE2024 Assignment 2\Lib_EaBaseBoard\Debug\libLib_EaBaseBoard.a(temp.o)
 .debug_line    0x00004207       0xb0 C:\Users\gohjy\Desktop\NUS\YEAR2_SEM1\EE2024\LCP Codes\LCP Assignments\EE2024 Assignment 2\Lib_EaBaseBoard\Debug\libLib_EaBaseBoard.a(font5x7.o)
 .debug_line    0x000042b7      0x63a C:\Users\gohjy\Desktop\NUS\YEAR2_SEM1\EE2024\LCP Codes\LCP Assignments\EE2024 Assignment 2\Lib_MCU\Debug\libLib_MCU.a(lpc17xx_gpio.o)
 .debug_line    0x000048f1      0x955 C:\Users\gohjy\Desktop\NUS\YEAR2_SEM1\EE2024\LCP Codes\LCP Assignments\EE2024 Assignment 2\Lib_MCU\Debug\libLib_MCU.a(lpc17xx_i2c.o)
 .debug_line    0x00005246      0x4b9 C:\Users\gohjy\Desktop\NUS\YEAR2_SEM1\EE2024\LCP Codes\LCP Assignments\EE2024 Assignment 2\Lib_MCU\Debug\libLib_MCU.a(lpc17xx_pinsel.o)
 .debug_line    0x000056ff      0x888 C:\Users\gohjy\Desktop\NUS\YEAR2_SEM1\EE2024\LCP Codes\LCP Assignments\EE2024 Assignment 2\Lib_MCU\Debug\libLib_MCU.a(lpc17xx_ssp.o)
 .debug_line    0x00005f87      0x7e6 C:\Users\gohjy\Desktop\NUS\YEAR2_SEM1\EE2024\LCP Codes\LCP Assignments\EE2024 Assignment 2\Lib_MCU\Debug\libLib_MCU.a(lpc17xx_timer.o)
 .debug_line    0x0000676d      0xbd4 C:\Users\gohjy\Desktop\NUS\YEAR2_SEM1\EE2024\LCP Codes\LCP Assignments\EE2024 Assignment 2\Lib_MCU\Debug\libLib_MCU.a(lpc17xx_uart.o)
 .debug_line    0x00007341      0x51a C:\Users\gohjy\Desktop\NUS\YEAR2_SEM1\EE2024\LCP Codes\LCP Assignments\EE2024 Assignment 2\Lib_MCU\Debug\libLib_MCU.a(lpc17xx_clkpwr.o)
 .debug_line    0x0000785b       0xc0 c:/nxp/lpcxpresso_6.1.4_194/lpcxpresso/tools/bin/../lib/gcc/arm-none-eabi/4.6.2/../../../../arm-none-eabi/lib/armv7-m\libcr_newlib_semihost.a(_cr_sbrk.o)
 .debug_line    0x0000791b       0x54 c:/nxp/lpcxpresso_6.1.4_194/lpcxpresso/tools/bin/../lib/gcc/arm-none-eabi/4.6.2/../../../../arm-none-eabi/lib/armv7-m\libcr_newlib_semihost.a(_cr_check_heap.o)

.debug_macinfo  0x00000000    0xa96df
 .debug_macinfo
                0x00000000     0x2c15 ./src/cr_startup_lpc17.o
 .debug_macinfo
                0x00002c15     0xf71f ./src/main.o
 .debug_macinfo
                0x00012334     0x83f8 C:\Users\gohjy\Desktop\NUS\YEAR2_SEM1\EE2024\LCP Codes\LCP Assignments\EE2024 Assignment 2\Lib_CMSISv1p30_LPC17xx\Debug\libCMSISv1p30_LPC17xx.a(system_LPC17xx.o)
 .debug_macinfo
                0x0001a72c     0x8f1b C:\Users\gohjy\Desktop\NUS\YEAR2_SEM1\EE2024\LCP Codes\LCP Assignments\EE2024 Assignment 2\Lib_EaBaseBoard\Debug\libLib_EaBaseBoard.a(acc.o)
 .debug_macinfo
                0x00023647     0x858b C:\Users\gohjy\Desktop\NUS\YEAR2_SEM1\EE2024\LCP Codes\LCP Assignments\EE2024 Assignment 2\Lib_EaBaseBoard\Debug\libLib_EaBaseBoard.a(joystick.o)
 .debug_macinfo
                0x0002bbd2     0x96a3 C:\Users\gohjy\Desktop\NUS\YEAR2_SEM1\EE2024\LCP Codes\LCP Assignments\EE2024 Assignment 2\Lib_EaBaseBoard\Debug\libLib_EaBaseBoard.a(led7seg.o)
 .debug_macinfo
                0x00035275     0x8e3a C:\Users\gohjy\Desktop\NUS\YEAR2_SEM1\EE2024\LCP Codes\LCP Assignments\EE2024 Assignment 2\Lib_EaBaseBoard\Debug\libLib_EaBaseBoard.a(light.o)
 .debug_macinfo
                0x0003e0af     0xa143 C:\Users\gohjy\Desktop\NUS\YEAR2_SEM1\EE2024\LCP Codes\LCP Assignments\EE2024 Assignment 2\Lib_EaBaseBoard\Debug\libLib_EaBaseBoard.a(oled.o)
 .debug_macinfo
                0x000481f2     0x8e59 C:\Users\gohjy\Desktop\NUS\YEAR2_SEM1\EE2024\LCP Codes\LCP Assignments\EE2024 Assignment 2\Lib_EaBaseBoard\Debug\libLib_EaBaseBoard.a(pca9532.o)
 .debug_macinfo
                0x0005104b     0x854c C:\Users\gohjy\Desktop\NUS\YEAR2_SEM1\EE2024\LCP Codes\LCP Assignments\EE2024 Assignment 2\Lib_EaBaseBoard\Debug\libLib_EaBaseBoard.a(rgb.o)
 .debug_macinfo
                0x00059597     0x85e6 C:\Users\gohjy\Desktop\NUS\YEAR2_SEM1\EE2024\LCP Codes\LCP Assignments\EE2024 Assignment 2\Lib_EaBaseBoard\Debug\libLib_EaBaseBoard.a(temp.o)
 .debug_macinfo
                0x00061b7d     0x332a C:\Users\gohjy\Desktop\NUS\YEAR2_SEM1\EE2024\LCP Codes\LCP Assignments\EE2024 Assignment 2\Lib_EaBaseBoard\Debug\libLib_EaBaseBoard.a(font5x7.o)
 .debug_macinfo
                0x00064ea7     0x86b8 C:\Users\gohjy\Desktop\NUS\YEAR2_SEM1\EE2024\LCP Codes\LCP Assignments\EE2024 Assignment 2\Lib_MCU\Debug\libLib_MCU.a(lpc17xx_gpio.o)
 .debug_macinfo
                0x0006d55f     0xa5d8 C:\Users\gohjy\Desktop\NUS\YEAR2_SEM1\EE2024\LCP Codes\LCP Assignments\EE2024 Assignment 2\Lib_MCU\Debug\libLib_MCU.a(lpc17xx_i2c.o)
 .debug_macinfo
                0x00077b37     0x87d3 C:\Users\gohjy\Desktop\NUS\YEAR2_SEM1\EE2024\LCP Codes\LCP Assignments\EE2024 Assignment 2\Lib_MCU\Debug\libLib_MCU.a(lpc17xx_pinsel.o)
 .debug_macinfo
                0x0008030a     0xa8d0 C:\Users\gohjy\Desktop\NUS\YEAR2_SEM1\EE2024\LCP Codes\LCP Assignments\EE2024 Assignment 2\Lib_MCU\Debug\libLib_MCU.a(lpc17xx_ssp.o)
 .debug_macinfo
                0x0008abda     0xa4cd C:\Users\gohjy\Desktop\NUS\YEAR2_SEM1\EE2024\LCP Codes\LCP Assignments\EE2024 Assignment 2\Lib_MCU\Debug\libLib_MCU.a(lpc17xx_timer.o)
 .debug_macinfo
                0x000950a7     0xb03f C:\Users\gohjy\Desktop\NUS\YEAR2_SEM1\EE2024\LCP Codes\LCP Assignments\EE2024 Assignment 2\Lib_MCU\Debug\libLib_MCU.a(lpc17xx_uart.o)
 .debug_macinfo
                0x000a00e6     0x95f9 C:\Users\gohjy\Desktop\NUS\YEAR2_SEM1\EE2024\LCP Codes\LCP Assignments\EE2024 Assignment 2\Lib_MCU\Debug\libLib_MCU.a(lpc17xx_clkpwr.o)

.debug_str      0x00000000     0x3142
 .debug_str     0x00000000      0x1f1 ./src/cr_startup_lpc17.o
                                0x22b (size before relaxing)
 .debug_str     0x000001f1      0xe18 ./src/main.o
                                0xf9b (size before relaxing)
 .debug_str     0x00001009       0xb8 C:\Users\gohjy\Desktop\NUS\YEAR2_SEM1\EE2024\LCP Codes\LCP Assignments\EE2024 Assignment 2\Lib_CMSISv1p30_LPC17xx\Debug\libCMSISv1p30_LPC17xx.a(system_LPC17xx.o)
                                0x2ca (size before relaxing)
 .debug_str     0x000010c1      0x247 C:\Users\gohjy\Desktop\NUS\YEAR2_SEM1\EE2024\LCP Codes\LCP Assignments\EE2024 Assignment 2\Lib_EaBaseBoard\Debug\libLib_EaBaseBoard.a(acc.o)
                                0x3c6 (size before relaxing)
 .debug_str     0x00001308       0x3a C:\Users\gohjy\Desktop\NUS\YEAR2_SEM1\EE2024\LCP Codes\LCP Assignments\EE2024 Assignment 2\Lib_EaBaseBoard\Debug\libLib_EaBaseBoard.a(joystick.o)
                                0x197 (size before relaxing)
 .debug_str     0x00001342       0x95 C:\Users\gohjy\Desktop\NUS\YEAR2_SEM1\EE2024\LCP Codes\LCP Assignments\EE2024 Assignment 2\Lib_EaBaseBoard\Debug\libLib_EaBaseBoard.a(led7seg.o)
                                0x232 (size before relaxing)
 .debug_str     0x000013d7      0x1cb C:\Users\gohjy\Desktop\NUS\YEAR2_SEM1\EE2024\LCP Codes\LCP Assignments\EE2024 Assignment 2\Lib_EaBaseBoard\Debug\libLib_EaBaseBoard.a(light.o)
                                0x52b (size before relaxing)
 .debug_str     0x000015a2      0x1a9 C:\Users\gohjy\Desktop\NUS\YEAR2_SEM1\EE2024\LCP Codes\LCP Assignments\EE2024 Assignment 2\Lib_EaBaseBoard\Debug\libLib_EaBaseBoard.a(oled.o)
                                0x3e3 (size before relaxing)
 .debug_str     0x0000174b      0x136 C:\Users\gohjy\Desktop\NUS\YEAR2_SEM1\EE2024\LCP Codes\LCP Assignments\EE2024 Assignment 2\Lib_EaBaseBoard\Debug\libLib_EaBaseBoard.a(pca9532.o)
                                0x41d (size before relaxing)
 .debug_str     0x00001881       0x2e C:\Users\gohjy\Desktop\NUS\YEAR2_SEM1\EE2024\LCP Codes\LCP Assignments\EE2024 Assignment 2\Lib_EaBaseBoard\Debug\libLib_EaBaseBoard.a(rgb.o)
                                0x183 (size before relaxing)
 .debug_str     0x000018af       0x2d C:\Users\gohjy\Desktop\NUS\YEAR2_SEM1\EE2024\LCP Codes\LCP Assignments\EE2024 Assignment 2\Lib_EaBaseBoard\Debug\libLib_EaBaseBoard.a(temp.o)
                                0x19a (size before relaxing)
 .debug_str     0x000018dc       0x11 C:\Users\gohjy\Desktop\NUS\YEAR2_SEM1\EE2024\LCP Codes\LCP Assignments\EE2024 Assignment 2\Lib_EaBaseBoard\Debug\libLib_EaBaseBoard.a(font5x7.o)
                                 0xee (size before relaxing)
 .debug_str     0x000018ed      0x3a7 C:\Users\gohjy\Desktop\NUS\YEAR2_SEM1\EE2024\LCP Codes\LCP Assignments\EE2024 Assignment 2\Lib_MCU\Debug\libLib_MCU.a(lpc17xx_gpio.o)
                                0x49f (size before relaxing)
 .debug_str     0x00001c94      0x304 C:\Users\gohjy\Desktop\NUS\YEAR2_SEM1\EE2024\LCP Codes\LCP Assignments\EE2024 Assignment 2\Lib_MCU\Debug\libLib_MCU.a(lpc17xx_i2c.o)
                                0x835 (size before relaxing)
 .debug_str     0x00001f98      0x108 C:\Users\gohjy\Desktop\NUS\YEAR2_SEM1\EE2024\LCP Codes\LCP Assignments\EE2024 Assignment 2\Lib_MCU\Debug\libLib_MCU.a(lpc17xx_pinsel.o)
                                0x3d4 (size before relaxing)
 .debug_str     0x000020a0      0x203 C:\Users\gohjy\Desktop\NUS\YEAR2_SEM1\EE2024\LCP Codes\LCP Assignments\EE2024 Assignment 2\Lib_MCU\Debug\libLib_MCU.a(lpc17xx_ssp.o)
                                0x4b2 (size before relaxing)
 .debug_str     0x000022a3      0x417 C:\Users\gohjy\Desktop\NUS\YEAR2_SEM1\EE2024\LCP Codes\LCP Assignments\EE2024 Assignment 2\Lib_MCU\Debug\libLib_MCU.a(lpc17xx_timer.o)
                                0x5e8 (size before relaxing)
 .debug_str     0x000026ba      0x8bc C:\Users\gohjy\Desktop\NUS\YEAR2_SEM1\EE2024\LCP Codes\LCP Assignments\EE2024 Assignment 2\Lib_MCU\Debug\libLib_MCU.a(lpc17xx_uart.o)
                                0xc88 (size before relaxing)
 .debug_str     0x00002f76       0xcb C:\Users\gohjy\Desktop\NUS\YEAR2_SEM1\EE2024\LCP Codes\LCP Assignments\EE2024 Assignment 2\Lib_MCU\Debug\libLib_MCU.a(lpc17xx_clkpwr.o)
                                0x3d0 (size before relaxing)
 .debug_str     0x00003041       0xbc c:/nxp/lpcxpresso_6.1.4_194/lpcxpresso/tools/bin/../lib/gcc/arm-none-eabi/4.6.2/../../../../arm-none-eabi/lib/armv7-m\libcr_newlib_semihost.a(_cr_sbrk.o)
                                0x145 (size before relaxing)
 .debug_str     0x000030fd       0x45 c:/nxp/lpcxpresso_6.1.4_194/lpcxpresso/tools/bin/../lib/gcc/arm-none-eabi/4.6.2/../../../../arm-none-eabi/lib/armv7-m\libcr_newlib_semihost.a(_cr_check_heap.o)
                                 0xd1 (size before relaxing)

.comment        0x00000000       0x9a
 .comment       0x00000000       0x70 ./src/cr_startup_lpc17.o
                                 0x71 (size before relaxing)
 .comment       0x00000000       0x71 ./src/main.o
 .comment       0x00000000       0x71 C:\Users\gohjy\Desktop\NUS\YEAR2_SEM1\EE2024\LCP Codes\LCP Assignments\EE2024 Assignment 2\Lib_CMSISv1p30_LPC17xx\Debug\libCMSISv1p30_LPC17xx.a(system_LPC17xx.o)
 .comment       0x00000000       0x71 C:\Users\gohjy\Desktop\NUS\YEAR2_SEM1\EE2024\LCP Codes\LCP Assignments\EE2024 Assignment 2\Lib_EaBaseBoard\Debug\libLib_EaBaseBoard.a(acc.o)
 .comment       0x00000000       0x71 C:\Users\gohjy\Desktop\NUS\YEAR2_SEM1\EE2024\LCP Codes\LCP Assignments\EE2024 Assignment 2\Lib_EaBaseBoard\Debug\libLib_EaBaseBoard.a(joystick.o)
 .comment       0x00000000       0x71 C:\Users\gohjy\Desktop\NUS\YEAR2_SEM1\EE2024\LCP Codes\LCP Assignments\EE2024 Assignment 2\Lib_EaBaseBoard\Debug\libLib_EaBaseBoard.a(led7seg.o)
 .comment       0x00000000       0x71 C:\Users\gohjy\Desktop\NUS\YEAR2_SEM1\EE2024\LCP Codes\LCP Assignments\EE2024 Assignment 2\Lib_EaBaseBoard\Debug\libLib_EaBaseBoard.a(light.o)
 .comment       0x00000000       0x71 C:\Users\gohjy\Desktop\NUS\YEAR2_SEM1\EE2024\LCP Codes\LCP Assignments\EE2024 Assignment 2\Lib_EaBaseBoard\Debug\libLib_EaBaseBoard.a(oled.o)
 .comment       0x00000000       0x71 C:\Users\gohjy\Desktop\NUS\YEAR2_SEM1\EE2024\LCP Codes\LCP Assignments\EE2024 Assignment 2\Lib_EaBaseBoard\Debug\libLib_EaBaseBoard.a(pca9532.o)
 .comment       0x00000000       0x71 C:\Users\gohjy\Desktop\NUS\YEAR2_SEM1\EE2024\LCP Codes\LCP Assignments\EE2024 Assignment 2\Lib_EaBaseBoard\Debug\libLib_EaBaseBoard.a(rgb.o)
 .comment       0x00000000       0x71 C:\Users\gohjy\Desktop\NUS\YEAR2_SEM1\EE2024\LCP Codes\LCP Assignments\EE2024 Assignment 2\Lib_EaBaseBoard\Debug\libLib_EaBaseBoard.a(temp.o)
 .comment       0x00000000       0x71 C:\Users\gohjy\Desktop\NUS\YEAR2_SEM1\EE2024\LCP Codes\LCP Assignments\EE2024 Assignment 2\Lib_EaBaseBoard\Debug\libLib_EaBaseBoard.a(font5x7.o)
 .comment       0x00000000       0x71 C:\Users\gohjy\Desktop\NUS\YEAR2_SEM1\EE2024\LCP Codes\LCP Assignments\EE2024 Assignment 2\Lib_MCU\Debug\libLib_MCU.a(lpc17xx_gpio.o)
 .comment       0x00000000       0x71 C:\Users\gohjy\Desktop\NUS\YEAR2_SEM1\EE2024\LCP Codes\LCP Assignments\EE2024 Assignment 2\Lib_MCU\Debug\libLib_MCU.a(lpc17xx_i2c.o)
 .comment       0x00000000       0x71 C:\Users\gohjy\Desktop\NUS\YEAR2_SEM1\EE2024\LCP Codes\LCP Assignments\EE2024 Assignment 2\Lib_MCU\Debug\libLib_MCU.a(lpc17xx_pinsel.o)
 .comment       0x00000000       0x71 C:\Users\gohjy\Desktop\NUS\YEAR2_SEM1\EE2024\LCP Codes\LCP Assignments\EE2024 Assignment 2\Lib_MCU\Debug\libLib_MCU.a(lpc17xx_ssp.o)
 .comment       0x00000000       0x71 C:\Users\gohjy\Desktop\NUS\YEAR2_SEM1\EE2024\LCP Codes\LCP Assignments\EE2024 Assignment 2\Lib_MCU\Debug\libLib_MCU.a(lpc17xx_timer.o)
 .comment       0x00000000       0x71 C:\Users\gohjy\Desktop\NUS\YEAR2_SEM1\EE2024\LCP Codes\LCP Assignments\EE2024 Assignment 2\Lib_MCU\Debug\libLib_MCU.a(lpc17xx_uart.o)
 .comment       0x00000000       0x71 C:\Users\gohjy\Desktop\NUS\YEAR2_SEM1\EE2024\LCP Codes\LCP Assignments\EE2024 Assignment 2\Lib_MCU\Debug\libLib_MCU.a(lpc17xx_clkpwr.o)
 .comment       0x00000070       0x2a c:/nxp/lpcxpresso_6.1.4_194/lpcxpresso/tools/bin/../lib/gcc/arm-none-eabi/4.6.2/../../../../arm-none-eabi/lib/armv7-m\libcr_newlib_semihost.a(_cr_sbrk.o)
                                 0x2b (size before relaxing)
 .comment       0x00000000       0x2b c:/nxp/lpcxpresso_6.1.4_194/lpcxpresso/tools/bin/../lib/gcc/arm-none-eabi/4.6.2/../../../../arm-none-eabi/lib/armv7-m\libcr_newlib_semihost.a(_cr_check_heap.o)

.ARM.attributes
                0x00000000       0x33
 .ARM.attributes
                0x00000000       0x33 ./src/cr_startup_lpc17.o
 .ARM.attributes
                0x00000033       0x33 ./src/main.o
 .ARM.attributes
                0x00000066       0x33 C:\Users\gohjy\Desktop\NUS\YEAR2_SEM1\EE2024\LCP Codes\LCP Assignments\EE2024 Assignment 2\Lib_CMSISv1p30_LPC17xx\Debug\libCMSISv1p30_LPC17xx.a(system_LPC17xx.o)
 .ARM.attributes
                0x00000099       0x33 C:\Users\gohjy\Desktop\NUS\YEAR2_SEM1\EE2024\LCP Codes\LCP Assignments\EE2024 Assignment 2\Lib_EaBaseBoard\Debug\libLib_EaBaseBoard.a(acc.o)
 .ARM.attributes
                0x000000cc       0x33 C:\Users\gohjy\Desktop\NUS\YEAR2_SEM1\EE2024\LCP Codes\LCP Assignments\EE2024 Assignment 2\Lib_EaBaseBoard\Debug\libLib_EaBaseBoard.a(joystick.o)
 .ARM.attributes
                0x000000ff       0x33 C:\Users\gohjy\Desktop\NUS\YEAR2_SEM1\EE2024\LCP Codes\LCP Assignments\EE2024 Assignment 2\Lib_EaBaseBoard\Debug\libLib_EaBaseBoard.a(led7seg.o)
 .ARM.attributes
                0x00000132       0x33 C:\Users\gohjy\Desktop\NUS\YEAR2_SEM1\EE2024\LCP Codes\LCP Assignments\EE2024 Assignment 2\Lib_EaBaseBoard\Debug\libLib_EaBaseBoard.a(light.o)
 .ARM.attributes
                0x00000165       0x33 C:\Users\gohjy\Desktop\NUS\YEAR2_SEM1\EE2024\LCP Codes\LCP Assignments\EE2024 Assignment 2\Lib_EaBaseBoard\Debug\libLib_EaBaseBoard.a(oled.o)
 .ARM.attributes
                0x00000198       0x33 C:\Users\gohjy\Desktop\NUS\YEAR2_SEM1\EE2024\LCP Codes\LCP Assignments\EE2024 Assignment 2\Lib_EaBaseBoard\Debug\libLib_EaBaseBoard.a(pca9532.o)
 .ARM.attributes
                0x000001cb       0x33 C:\Users\gohjy\Desktop\NUS\YEAR2_SEM1\EE2024\LCP Codes\LCP Assignments\EE2024 Assignment 2\Lib_EaBaseBoard\Debug\libLib_EaBaseBoard.a(rgb.o)
 .ARM.attributes
                0x000001fe       0x33 C:\Users\gohjy\Desktop\NUS\YEAR2_SEM1\EE2024\LCP Codes\LCP Assignments\EE2024 Assignment 2\Lib_EaBaseBoard\Debug\libLib_EaBaseBoard.a(temp.o)
 .ARM.attributes
                0x00000231       0x33 C:\Users\gohjy\Desktop\NUS\YEAR2_SEM1\EE2024\LCP Codes\LCP Assignments\EE2024 Assignment 2\Lib_EaBaseBoard\Debug\libLib_EaBaseBoard.a(font5x7.o)
 .ARM.attributes
                0x00000264       0x33 C:\Users\gohjy\Desktop\NUS\YEAR2_SEM1\EE2024\LCP Codes\LCP Assignments\EE2024 Assignment 2\Lib_MCU\Debug\libLib_MCU.a(lpc17xx_gpio.o)
 .ARM.attributes
                0x00000297       0x33 C:\Users\gohjy\Desktop\NUS\YEAR2_SEM1\EE2024\LCP Codes\LCP Assignments\EE2024 Assignment 2\Lib_MCU\Debug\libLib_MCU.a(lpc17xx_i2c.o)
 .ARM.attributes
                0x000002ca       0x33 C:\Users\gohjy\Desktop\NUS\YEAR2_SEM1\EE2024\LCP Codes\LCP Assignments\EE2024 Assignment 2\Lib_MCU\Debug\libLib_MCU.a(lpc17xx_pinsel.o)
 .ARM.attributes
                0x000002fd       0x33 C:\Users\gohjy\Desktop\NUS\YEAR2_SEM1\EE2024\LCP Codes\LCP Assignments\EE2024 Assignment 2\Lib_MCU\Debug\libLib_MCU.a(lpc17xx_ssp.o)
 .ARM.attributes
                0x00000330       0x33 C:\Users\gohjy\Desktop\NUS\YEAR2_SEM1\EE2024\LCP Codes\LCP Assignments\EE2024 Assignment 2\Lib_MCU\Debug\libLib_MCU.a(lpc17xx_timer.o)
 .ARM.attributes
                0x00000363       0x33 C:\Users\gohjy\Desktop\NUS\YEAR2_SEM1\EE2024\LCP Codes\LCP Assignments\EE2024 Assignment 2\Lib_MCU\Debug\libLib_MCU.a(lpc17xx_uart.o)
 .ARM.attributes
                0x00000396       0x33 C:\Users\gohjy\Desktop\NUS\YEAR2_SEM1\EE2024\LCP Codes\LCP Assignments\EE2024 Assignment 2\Lib_MCU\Debug\libLib_MCU.a(lpc17xx_clkpwr.o)
 .ARM.attributes
                0x000003c9       0x1d c:/nxp/lpcxpresso_6.1.4_194/lpcxpresso/tools/bin/../lib/gcc/arm-none-eabi/4.6.2/armv7-m\libgcc.a(_arm_addsubdf3.o)
 .ARM.attributes
                0x000003e6       0x1d c:/nxp/lpcxpresso_6.1.4_194/lpcxpresso/tools/bin/../lib/gcc/arm-none-eabi/4.6.2/armv7-m\libgcc.a(_arm_muldivdf3.o)
 .ARM.attributes
                0x00000403       0x1d c:/nxp/lpcxpresso_6.1.4_194/lpcxpresso/tools/bin/../lib/gcc/arm-none-eabi/4.6.2/armv7-m\libgcc.a(_arm_cmpdf2.o)
 .ARM.attributes
                0x00000420       0x1d c:/nxp/lpcxpresso_6.1.4_194/lpcxpresso/tools/bin/../lib/gcc/arm-none-eabi/4.6.2/armv7-m\libgcc.a(_aeabi_uldivmod.o)
 .ARM.attributes
                0x0000043d       0x2d c:/nxp/lpcxpresso_6.1.4_194/lpcxpresso/tools/bin/../lib/gcc/arm-none-eabi/4.6.2/armv7-m\libgcc.a(bpabi.o)
 .ARM.attributes